Archive member included to satisfy reference by file (symbol)

D:/STM32Cube/STM32CubeIDE_1.17.0/STM32CubeIDE/plugins/com.st.stm32cube.ide.mcu.externaltools.gnu-tools-for-stm32.12.3.rel1.win32_1.1.0.202410251130/tools/bin/../lib/gcc/arm-none-eabi/12.3.1/../../../../arm-none-eabi/lib/thumb/v8-m.main+fp/hard\libc_nano.a(libc_a-exit.o)
                              D:/STM32Cube/STM32CubeIDE_1.17.0/STM32CubeIDE/plugins/com.st.stm32cube.ide.mcu.externaltools.gnu-tools-for-stm32.12.3.rel1.win32_1.1.0.202410251130/tools/bin/../lib/gcc/arm-none-eabi/12.3.1/../../../../arm-none-eabi/lib/thumb/v8-m.main+fp/hard/crt0.o (exit)
D:/STM32Cube/STM32CubeIDE_1.17.0/STM32CubeIDE/plugins/com.st.stm32cube.ide.mcu.externaltools.gnu-tools-for-stm32.12.3.rel1.win32_1.1.0.202410251130/tools/bin/../lib/gcc/arm-none-eabi/12.3.1/../../../../arm-none-eabi/lib/thumb/v8-m.main+fp/hard\libc_nano.a(libc_a-findfp.o)
                              D:/STM32Cube/STM32CubeIDE_1.17.0/STM32CubeIDE/plugins/com.st.stm32cube.ide.mcu.externaltools.gnu-tools-for-stm32.12.3.rel1.win32_1.1.0.202410251130/tools/bin/../lib/gcc/arm-none-eabi/12.3.1/../../../../arm-none-eabi/lib/thumb/v8-m.main+fp/hard\libc_nano.a(libc_a-exit.o) (__stdio_exit_handler)
D:/STM32Cube/STM32CubeIDE_1.17.0/STM32CubeIDE/plugins/com.st.stm32cube.ide.mcu.externaltools.gnu-tools-for-stm32.12.3.rel1.win32_1.1.0.202410251130/tools/bin/../lib/gcc/arm-none-eabi/12.3.1/../../../../arm-none-eabi/lib/thumb/v8-m.main+fp/hard\libc_nano.a(libc_a-fwalk.o)
                              D:/STM32Cube/STM32CubeIDE_1.17.0/STM32CubeIDE/plugins/com.st.stm32cube.ide.mcu.externaltools.gnu-tools-for-stm32.12.3.rel1.win32_1.1.0.202410251130/tools/bin/../lib/gcc/arm-none-eabi/12.3.1/../../../../arm-none-eabi/lib/thumb/v8-m.main+fp/hard\libc_nano.a(libc_a-findfp.o) (_fwalk_sglue)
D:/STM32Cube/STM32CubeIDE_1.17.0/STM32CubeIDE/plugins/com.st.stm32cube.ide.mcu.externaltools.gnu-tools-for-stm32.12.3.rel1.win32_1.1.0.202410251130/tools/bin/../lib/gcc/arm-none-eabi/12.3.1/../../../../arm-none-eabi/lib/thumb/v8-m.main+fp/hard\libc_nano.a(libc_a-printf.o)
                              ./Core/Src/main.o (printf)
D:/STM32Cube/STM32CubeIDE_1.17.0/STM32CubeIDE/plugins/com.st.stm32cube.ide.mcu.externaltools.gnu-tools-for-stm32.12.3.rel1.win32_1.1.0.202410251130/tools/bin/../lib/gcc/arm-none-eabi/12.3.1/../../../../arm-none-eabi/lib/thumb/v8-m.main+fp/hard\libc_nano.a(libc_a-stdio.o)
                              D:/STM32Cube/STM32CubeIDE_1.17.0/STM32CubeIDE/plugins/com.st.stm32cube.ide.mcu.externaltools.gnu-tools-for-stm32.12.3.rel1.win32_1.1.0.202410251130/tools/bin/../lib/gcc/arm-none-eabi/12.3.1/../../../../arm-none-eabi/lib/thumb/v8-m.main+fp/hard\libc_nano.a(libc_a-findfp.o) (__sread)
D:/STM32Cube/STM32CubeIDE_1.17.0/STM32CubeIDE/plugins/com.st.stm32cube.ide.mcu.externaltools.gnu-tools-for-stm32.12.3.rel1.win32_1.1.0.202410251130/tools/bin/../lib/gcc/arm-none-eabi/12.3.1/../../../../arm-none-eabi/lib/thumb/v8-m.main+fp/hard\libc_nano.a(libc_a-memset.o)
                              D:/STM32Cube/STM32CubeIDE_1.17.0/STM32CubeIDE/plugins/com.st.stm32cube.ide.mcu.externaltools.gnu-tools-for-stm32.12.3.rel1.win32_1.1.0.202410251130/tools/bin/../lib/gcc/arm-none-eabi/12.3.1/../../../../arm-none-eabi/lib/thumb/v8-m.main+fp/hard/crt0.o (memset)
D:/STM32Cube/STM32CubeIDE_1.17.0/STM32CubeIDE/plugins/com.st.stm32cube.ide.mcu.externaltools.gnu-tools-for-stm32.12.3.rel1.win32_1.1.0.202410251130/tools/bin/../lib/gcc/arm-none-eabi/12.3.1/../../../../arm-none-eabi/lib/thumb/v8-m.main+fp/hard\libc_nano.a(libc_a-closer.o)
                              D:/STM32Cube/STM32CubeIDE_1.17.0/STM32CubeIDE/plugins/com.st.stm32cube.ide.mcu.externaltools.gnu-tools-for-stm32.12.3.rel1.win32_1.1.0.202410251130/tools/bin/../lib/gcc/arm-none-eabi/12.3.1/../../../../arm-none-eabi/lib/thumb/v8-m.main+fp/hard\libc_nano.a(libc_a-stdio.o) (_close_r)
D:/STM32Cube/STM32CubeIDE_1.17.0/STM32CubeIDE/plugins/com.st.stm32cube.ide.mcu.externaltools.gnu-tools-for-stm32.12.3.rel1.win32_1.1.0.202410251130/tools/bin/../lib/gcc/arm-none-eabi/12.3.1/../../../../arm-none-eabi/lib/thumb/v8-m.main+fp/hard\libc_nano.a(libc_a-reent.o)
                              D:/STM32Cube/STM32CubeIDE_1.17.0/STM32CubeIDE/plugins/com.st.stm32cube.ide.mcu.externaltools.gnu-tools-for-stm32.12.3.rel1.win32_1.1.0.202410251130/tools/bin/../lib/gcc/arm-none-eabi/12.3.1/../../../../arm-none-eabi/lib/thumb/v8-m.main+fp/hard\libc_nano.a(libc_a-closer.o) (errno)
D:/STM32Cube/STM32CubeIDE_1.17.0/STM32CubeIDE/plugins/com.st.stm32cube.ide.mcu.externaltools.gnu-tools-for-stm32.12.3.rel1.win32_1.1.0.202410251130/tools/bin/../lib/gcc/arm-none-eabi/12.3.1/../../../../arm-none-eabi/lib/thumb/v8-m.main+fp/hard\libc_nano.a(libc_a-impure.o)
[...]
Memory Configuration

Name             Origin             Length             Attributes
RAM              0x20000000         0x00040000         xrw
SRAM4            0x28000000         0x00004000         xrw
FLASH            0x08000000         0x00080000         xr
*default*        0x00000000         0xffffffff

Linker script and memory map

LOAD D:/STM32Cube/STM32CubeIDE_1.17.0/STM32CubeIDE/plugins/com.st.stm32cube.ide.mcu.externaltools.gnu-tools-for-stm32.12.3.rel1.win32_1.1.0.202410251130/tools/bin/../lib/gcc/arm-none-eabi/12.3.1/thumb/v8-m.main+fp/hard/crti.o
LOAD D:/STM32Cube/STM32CubeIDE_1.17.0/STM32CubeIDE/plugins/com.st.stm32cube.ide.mcu.externaltools.gnu-tools-for-stm32.12.3.rel1.win32_1.1.0.202410251130/tools/bin/../lib/gcc/arm-none-eabi/12.3.1/thumb/v8-m.main+fp/hard/crtbegin.o
LOAD D:/STM32Cube/STM32CubeIDE_1.17.0/STM32CubeIDE/plugins/com.st.stm32cube.ide.mcu.externaltools.gnu-tools-for-stm32.12.3.rel1.win32_1.1.0.202410251130/tools/bin/../lib/gcc/arm-none-eabi/12.3.1/../../../../arm-none-eabi/lib/thumb/v8-m.main+fp/hard/crt0.o
LOAD ./Core/Src/main.o
LOAD ./Core/Src/stm32u5xx_hal_msp.o
LOAD ./Core/Src/stm32u5xx_it.o
LOAD ./Core/Src/syscalls.o
LOAD ./Core/Src/sysmem.o
LOAD ./Core/Src/system_stm32u5xx.o
LOAD ./Core/Startup/startup_stm32u545retxq.o
LOAD ./Drivers/STM32U5xx_HAL_Driver/Src/stm32u5xx_hal.o
LOAD ./Drivers/STM32U5xx_HAL_Driver/Src/stm32u5xx_hal_cortex.o
LOAD ./Drivers/STM32U5xx_HAL_Driver/Src/stm32u5xx_hal_dma.o
LOAD ./Drivers/STM32U5xx_HAL_Driver/Src/stm32u5xx_hal_dma_ex.o
LOAD ./Drivers/STM32U5xx_HAL_Driver/Src/stm32u5xx_hal_exti.o
LOAD ./Drivers/STM32U5xx_HAL_Driver/Src/stm32u5xx_hal_flash.o
LOAD ./Drivers/STM32U5xx_HAL_Driver/Src/stm32u5xx_hal_flash_ex.o
LOAD ./Drivers/STM32U5xx_HAL_Driver/Src/stm32u5xx_hal_gpio.o
LOAD ./Drivers/STM32U5xx_HAL_Driver/Src/stm32u5xx_hal_gtzc.o
LOAD ./Drivers/STM32U5xx_HAL_Driver/Src/stm32u5xx_hal_i2c.o
LOAD ./Drivers/STM32U5xx_HAL_Driver/Src/stm32u5xx_hal_i2c_ex.o
LOAD ./Drivers/STM32U5xx_HAL_Driver/Src/stm32u5xx_hal_icache.o
LOAD ./Drivers/STM32U5xx_HAL_Driver/Src/stm32u5xx_hal_pwr.o
LOAD ./Drivers/STM32U5xx_HAL_Driver/Src/stm32u5xx_hal_pwr_ex.o
LOAD ./Drivers/STM32U5xx_HAL_Driver/Src/stm32u5xx_hal_rcc.o
LOAD ./Drivers/STM32U5xx_HAL_Driver/Src/stm32u5xx_hal_rcc_ex.o
LOAD ./Drivers/STM32U5xx_HAL_Driver/Src/stm32u5xx_hal_rtc.o
LOAD ./Drivers/STM32U5xx_HAL_Driver/Src/stm32u5xx_hal_rtc_ex.o
LOAD ./Drivers/STM32U5xx_HAL_Driver/Src/stm32u5xx_hal_uart.o
LOAD ./Drivers/STM32U5xx_HAL_Driver/Src/stm32u5xx_hal_uart_ex.o
START GROUP
LOAD D:/STM32Cube/STM32CubeIDE_1.17.0/STM32CubeIDE/plugins/com.st.stm32cube.ide.mcu.externaltools.gnu-tools-for-stm32.12.3.rel1.win32_1.1.0.202410251130/tools/bin/../lib/gcc/arm-none-eabi/12.3.1/../../../../arm-none-eabi/lib/thumb/v8-m.main+fp/hard\libc_nano.a
LOAD D:/STM32Cube/STM32CubeIDE_1.17.0/STM32CubeIDE/plugins/com.st.stm32cube.ide.mcu.externaltools.gnu-tools-for-stm32.12.3.rel1.win32_1.1.0.202410251130/tools/bin/../lib/gcc/arm-none-eabi/12.3.1/../../../../arm-none-eabi/lib/thumb/v8-m.main+fp/hard\libm.a
END GROUP
START GROUP
LOAD D:/STM32Cube/STM32CubeIDE_1.17.0/STM32CubeIDE/plugins/com.st.stm32cube.ide.mcu.externaltools.gnu-tools-for-stm32.12.3.rel1.win32_1.1.0.202410251130/tools/bin/../lib/gcc/arm-none-eabi/12.3.1/thumb/v8-m.main+fp/hard\libgcc.a
LOAD D:/STM32Cube/STM32CubeIDE_1.17.0/STM32CubeIDE/plugins/com.st.stm32cube.ide.mcu.externaltools.gnu-tools-for-stm32.12.3.rel1.win32_1.1.0.202410251130/tools/bin/../lib/gcc/arm-none-eabi/12.3.1/../../../../arm-none-eabi/lib/thumb/v8-m.main+fp/hard\libc_nano.a
END GROUP
START GROUP
LOAD D:/STM32Cube/STM32CubeIDE_1.17.0/STM32CubeIDE/plugins/com.st.stm32cube.ide.mcu.externaltools.gnu-tools-for-stm32.12.3.rel1.win32_1.1.0.202410251130/tools/bin/../lib/gcc/arm-none-eabi/12.3.1/thumb/v8-m.main+fp/hard\libgcc.a
LOAD D:/STM32Cube/STM32CubeIDE_1.17.0/STM32CubeIDE/plugins/com.st.stm32cube.ide.mcu.externaltools.gnu-tools-for-stm32.12.3.rel1.win32_1.1.0.202410251130/tools/bin/../lib/gcc/arm-none-eabi/12.3.1/../../../../arm-none-eabi/lib/thumb/v8-m.main+fp/hard\libc_nano.a
LOAD D:/STM32Cube/STM32CubeIDE_1.17.0/STM32CubeIDE/plugins/com.st.stm32cube.ide.mcu.externaltools.gnu-tools-for-stm32.12.3.rel1.win32_1.1.0.202410251130/tools/bin/../lib/gcc/arm-none-eabi/12.3.1/../../../../arm-none-eabi/lib/thumb/v8-m.main+fp/hard\libnosys.a
END GROUP
START GROUP
LOAD D:/STM32Cube/STM32CubeIDE_1.17.0/STM32CubeIDE/plugins/com.st.stm32cube.ide.mcu.externaltools.gnu-tools-for-stm32.12.3.rel1.win32_1.1.0.202410251130/tools/bin/../lib/gcc/arm-none-eabi/12.3.1/thumb/v8-m.main+fp/hard\libgcc.a
LOAD D:/STM32Cube/STM32CubeIDE_1.17.0/STM32CubeIDE/plugins/com.st.stm32cube.ide.mcu.externaltools.gnu-tools-for-stm32.12.3.rel1.win32_1.1.0.202410251130/tools/bin/../lib/gcc/arm-none-eabi/12.3.1/../../../../arm-none-eabi/lib/thumb/v8-m.main+fp/hard\libc_nano.a
LOAD D:/STM32Cube/STM32CubeIDE_1.17.0/STM32CubeIDE/plugins/com.st.stm32cube.ide.mcu.externaltools.gnu-tools-for-stm32.12.3.rel1.win32_1.1.0.202410251130/tools/bin/../lib/gcc/arm-none-eabi/12.3.1/../../../../arm-none-eabi/lib/thumb/v8-m.main+fp/hard\libnosys.a
END GROUP
LOAD D:/STM32Cube/STM32CubeIDE_1.17.0/STM32CubeIDE/plugins/com.st.stm32cube.ide.mcu.externaltools.gnu-tools-for-stm32.12.3.rel1.win32_1.1.0.202410251130/tools/bin/../lib/gcc/arm-none-eabi/12.3.1/thumb/v8-m.main+fp/hard/crtend.o
LOAD D:/STM32Cube/STM32CubeIDE_1.17.0/STM32CubeIDE/plugins/com.st.stm32cube.ide.mcu.externaltools.gnu-tools-for-stm32.12.3.rel1.win32_1.1.0.202410251130/tools/bin/../lib/gcc/arm-none-eabi/12.3.1/thumb/v8-m.main+fp/hard/crtn.o
                0x20040000                        _estack = (ORIGIN (RAM) + LENGTH (RAM))
                0x00000200                        _Min_Heap_Size = 0x200
                0x00000400                        _Min_Stack_Size = 0x400

.isr_vector     0x08000000      0x238
 *(.isr_vector)
 .isr_vector    0x08000000      0x238 ./Core/Startup/startup_stm32u545retxq.o
                0x08000000                g_pfnVectors

.text           0x08000238     0x72e4
 *(.text)
 .text          0x08000238       0x40 D:/STM32Cube/STM32CubeIDE_1.17.0/STM32CubeIDE/plugins/com.st.stm32cube.ide.mcu.externaltools.gnu-tools-for-stm32.12.3.rel1.win32_1.1.0.202410251130/tools/bin/../lib/gcc/arm-none-eabi/12.3.1/thumb/v8-m.main+fp/hard/crtbegin.o
 .text          0x08000278       0x30 D:/STM32Cube/STM32CubeIDE_1.17.0/STM32CubeIDE/plugins/com.st.stm32cube.ide.mcu.externaltools.gnu-tools-for-stm32.12.3.rel1.win32_1.1.0.202410251130/tools/bin/../lib/gcc/arm-none-eabi/12.3.1/thumb/v8-m.main+fp/hard\libgcc.a(_aeabi_uldivmod.o)
                0x08000278                __aeabi_uldivmod
 .text          0x080002a8      0x2e4 D:/STM32Cube/STM32CubeIDE_1.17.0/STM32CubeIDE/plugins/com.st.stm32cube.ide.mcu.externaltools.gnu-tools-for-stm32.12.3.rel1.win32_1.1.0.202410251130/tools/bin/../lib/gcc/arm-none-eabi/12.3.1/thumb/v8-m.main+fp/hard\libgcc.a(_udivmoddi4.o)
                0x080002a8                __udivmoddi4
 .text          0x0800058c        0x4 D:/STM32Cube/STM32CubeIDE_1.17.0/STM32CubeIDE/plugins/com.st.stm32cube.ide.mcu.externaltools.gnu-tools-for-stm32.12.3.rel1.win32_1.1.0.202410251130/tools/bin/../lib/gcc/arm-none-eabi/12.3.1/thumb/v8-m.main+fp/hard\libgcc.a(_dvmd_tls.o)
                0x0800058c                __aeabi_idiv0
                0x0800058c                __aeabi_ldiv0
 *(.text*)
 .text.__io_putchar
                0x08000590       0x24 ./Core/Src/main.o
                0x08000590                __io_putchar
 .text.main     0x080005b4       0xac ./Core/Src/main.o
                0x080005b4                main
 .text.SystemClock_Config
                0x08000660       0xd4 ./Core/Src/main.o
                0x08000660                SystemClock_Config
 .text.SystemPower_Config
                0x08000734       0x18 ./Core/Src/main.o
 .text.MX_RTC_Init
                0x0800074c      0x104 ./Core/Src/main.o
 .text.MX_USART1_UART_Init
                0x08000850       0x98 ./Core/Src/main.o
 .text.MX_GPIO_Init
                0x080008e8       0x54 ./Core/Src/main.o
 .text.Error_Handler
                0x0800093c        0xc ./Core/Src/main.o
                0x0800093c                Error_Handler
 .text.HAL_MspInit
                0x08000948       0x34 ./Core/Src/stm32u5xx_hal_msp.o
                0x08000948                HAL_MspInit
 .text.HAL_RTC_MspInit
                0x0800097c       0x98 ./Core/Src/stm32u5xx_hal_msp.o
                0x0800097c                HAL_RTC_MspInit
 .text.HAL_UART_MspInit
                0x08000a14       0xd0 ./Core/Src/stm32u5xx_hal_msp.o
                0x08000a14                HAL_UART_MspInit
 .text.NMI_Handler
                0x08000ae4        0x8 ./Core/Src/stm32u5xx_it.o
                0x08000ae4                NMI_Handler
 .text.HardFault_Handler
                0x08000aec        0x8 ./Core/Src/stm32u5xx_it.o
                0x08000aec                HardFault_Handler
 .text.MemManage_Handler
                0x08000af4        0x8 ./Core/Src/stm32u5xx_it.o
                0x08000af4                MemManage_Handler
 .text.BusFault_Handler
                0x08000afc        0x8 ./Core/Src/stm32u5xx_it.o
                0x08000afc                BusFault_Handler
 .text.UsageFault_Handler
                0x08000b04        0x8 ./Core/Src/stm32u5xx_it.o
                0x08000b04                UsageFault_Handler
 .text.SVC_Handler
                0x08000b0c        0xe ./Core/Src/stm32u5xx_it.o
                0x08000b0c                SVC_Handler
 .text.DebugMon_Handler
                0x08000b1a        0xe ./Core/Src/stm32u5xx_it.o
                0x08000b1a                DebugMon_Handler
 .text.PendSV_Handler
                0x08000b28        0xe ./Core/Src/stm32u5xx_it.o
                0x08000b28                PendSV_Handler
 .text.SysTick_Handler
                0x08000b36        0xc ./Core/Src/stm32u5xx_it.o
                0x08000b36                SysTick_Handler
 .text._read    0x08000b42       0x3a ./Core/Src/syscalls.o
                0x08000b42                _read
 .text._write   0x08000b7c       0x38 ./Core/Src/syscalls.o
                0x08000b7c                _write
 .text._close   0x08000bb4       0x18 ./Core/Src/syscalls.o
                0x08000bb4                _close
 .text._fstat   0x08000bcc       0x20 ./Core/Src/syscalls.o
                0x08000bcc                _fstat
 .text._isatty  0x08000bec       0x16 ./Core/Src/syscalls.o
                0x08000bec                _isatty
 .text._lseek   0x08000c02       0x1a ./Core/Src/syscalls.o
                0x08000c02                _lseek
 .text._sbrk    0x08000c1c       0x6c ./Core/Src/sysmem.o
                0x08000c1c                _sbrk
 .text.SystemInit
                0x08000c88       0x70 ./Core/Src/system_stm32u5xx.o
                0x08000c88                SystemInit
 .text.Reset_Handler
                0x08000cf8       0x50 ./Core/Startup/startup_stm32u545retxq.o
                0x08000cf8                Reset_Handler
 .text.Default_Handler
                0x08000d48        0x2 ./Core/Startup/startup_stm32u545retxq.o
                0x08000d48                EXTI2_IRQHandler
                0x08000d48                TIM8_TRG_COM_IRQHandler
                0x08000d48                TIM8_CC_IRQHandler
                0x08000d48                EXTI5_IRQHandler
                0x08000d48                FLASH_S_IRQHandler
                0x08000d48                EXTI13_IRQHandler
                0x08000d48                TIM1_CC_IRQHandler
                0x08000d48                TSC_IRQHandler
                0x08000d48                TAMP_IRQHandler
                0x08000d48                TIM6_IRQHandler
                0x08000d48                EXTI12_IRQHandler
                0x08000d48                CORDIC_IRQHandler
                0x08000d48                EXTI3_IRQHandler
                0x08000d48                LPTIM4_IRQHandler
                0x08000d48                GPDMA1_Channel5_IRQHandler
                0x08000d48                EXTI8_IRQHandler
                0x08000d48                LPTIM2_IRQHandler
                0x08000d48                I2C3_ER_IRQHandler
                0x08000d48                PWR_S3WU_IRQHandler
                0x08000d48                LPDMA1_Channel3_IRQHandler
                0x08000d48                LPTIM3_IRQHandler
                0x08000d48                EXTI0_IRQHandler
                0x08000d48                I2C2_EV_IRQHandler
                0x08000d48                FPU_IRQHandler
                0x08000d48                GPDMA1_Channel3_IRQHandler
                0x08000d48                GPDMA1_Channel7_IRQHandler
                0x08000d48                FDCAN1_IT1_IRQHandler
                0x08000d48                RAMCFG_IRQHandler
                0x08000d48                GPDMA1_Channel9_IRQHandler
                0x08000d48                DCACHE1_IRQHandler
                0x08000d48                SPI1_IRQHandler
                0x08000d48                OCTOSPI1_IRQHandler
                0x08000d48                GPDMA1_Channel2_IRQHandler
                0x08000d48                TIM8_UP_IRQHandler
                0x08000d48                RCC_S_IRQHandler
                0x08000d48                MDF1_FLT1_IRQHandler
                0x08000d48                ADC1_IRQHandler
                0x08000d48                PKA_IRQHandler
                0x08000d48                EXTI15_IRQHandler
                0x08000d48                TIM17_IRQHandler
                0x08000d48                USART3_IRQHandler
                0x08000d48                RTC_IRQHandler
                0x08000d48                EXTI9_IRQHandler
                0x08000d48                UART5_IRQHandler
                0x08000d48                TIM4_IRQHandler
                0x08000d48                I2C1_EV_IRQHandler
                0x08000d48                GPDMA1_Channel12_IRQHandler
                0x08000d48                GPDMA1_Channel1_IRQHandler
                0x08000d48                TIM16_IRQHandler
                0x08000d48                GPDMA1_Channel15_IRQHandler
                0x08000d48                UART4_IRQHandler
                0x08000d48                SecureFault_Handler
                0x08000d48                TIM3_IRQHandler
                0x08000d48                RCC_IRQHandler
                0x08000d48                TIM1_TRG_COM_IRQHandler
                0x08000d48                Default_Handler
                0x08000d48                GPDMA1_Channel8_IRQHandler
                0x08000d48                FMAC_IRQHandler
                0x08000d48                OTFDEC1_IRQHandler
                0x08000d48                GPDMA1_Channel11_IRQHandler
                0x08000d48                TIM7_IRQHandler
                0x08000d48                SDMMC1_IRQHandler
                0x08000d48                SAES_IRQHandler
                0x08000d48                TIM5_IRQHandler
                0x08000d48                GPDMA1_Channel0_IRQHandler
                0x08000d48                TIM15_IRQHandler
                0x08000d48                I2C3_EV_IRQHandler
                0x08000d48                USB_IRQHandler
                0x08000d48                LPDMA1_Channel0_IRQHandler
                0x08000d48                PVD_PVM_IRQHandler
                0x08000d48                SPI2_IRQHandler
                0x08000d48                LPDMA1_Channel1_IRQHandler
                0x08000d48                EXTI14_IRQHandler
                0x08000d48                EXTI11_IRQHandler
                0x08000d48                CRS_IRQHandler
                0x08000d48                GPDMA1_Channel14_IRQHandler
                0x08000d48                LSECSSD_IRQHandler
                0x08000d48                EXTI4_IRQHandler
                0x08000d48                RTC_S_IRQHandler
                0x08000d48                GPDMA1_Channel13_IRQHandler
                0x08000d48                RNG_IRQHandler
                0x08000d48                COMP_IRQHandler
                0x08000d48                TIM1_UP_IRQHandler
                0x08000d48                ADC4_IRQHandler
                0x08000d48                WWDG_IRQHandler
                0x08000d48                I2C4_EV_IRQHandler
                0x08000d48                ADF1_IRQHandler
                0x08000d48                IWDG_IRQHandler
                0x08000d48                LPUART1_IRQHandler
                0x08000d48                MDF1_FLT0_IRQHandler
                0x08000d48                FDCAN1_IT0_IRQHandler
                0x08000d48                TIM2_IRQHandler
                0x08000d48                GPDMA1_Channel4_IRQHandler
                0x08000d48                EXTI7_IRQHandler
                0x08000d48                TIM1_BRK_IRQHandler
                0x08000d48                EXTI1_IRQHandler
                0x08000d48                AES_IRQHandler
                0x08000d48                DAC1_IRQHandler
                0x08000d48                GTZC_IRQHandler
                0x08000d48                GPDMA1_Channel6_IRQHandler
                0x08000d48                I2C2_ER_IRQHandler
                0x08000d48                TIM8_BRK_IRQHandler
                0x08000d48                FLASH_IRQHandler
                0x08000d48                USART1_IRQHandler
                0x08000d48                EXTI10_IRQHandler
                0x08000d48                SPI3_IRQHandler
                0x08000d48                LPDMA1_Channel2_IRQHandler
                0x08000d48                I2C1_ER_IRQHandler
                0x08000d48                EXTI6_IRQHandler
                0x08000d48                LPTIM1_IRQHandler
                0x08000d48                DCMI_PSSI_IRQHandler
                0x08000d48                I2C4_ER_IRQHandler
                0x08000d48                GPDMA1_Channel10_IRQHandler
                0x08000d48                ICACHE_IRQHandler
                0x08000d48                SAI1_IRQHandler
                0x08000d48                HASH_IRQHandler
 *fill*         0x08000d4a        0x2 
 .text.HAL_Init
                0x08000d4c       0x60 ./Drivers/STM32U5xx_HAL_Driver/Src/stm32u5xx_hal.o
                0x08000d4c                HAL_Init
 .text.HAL_InitTick
                0x08000dac       0xec ./Drivers/STM32U5xx_HAL_Driver/Src/stm32u5xx_hal.o
                0x08000dac                HAL_InitTick
 .text.HAL_IncTick
                0x08000e98       0x28 ./Drivers/STM32U5xx_HAL_Driver/Src/stm32u5xx_hal.o
                0x08000e98                HAL_IncTick
 .text.HAL_GetTick
                0x08000ec0       0x18 ./Drivers/STM32U5xx_HAL_Driver/Src/stm32u5xx_hal.o
                0x08000ec0                HAL_GetTick
 .text.HAL_Delay
                0x08000ed8       0x48 ./Drivers/STM32U5xx_HAL_Driver/Src/stm32u5xx_hal.o
                0x08000ed8                HAL_Delay
 .text.__NVIC_SetPriorityGrouping
                0x08000f20       0x48 ./Drivers/STM32U5xx_HAL_Driver/Src/stm32u5xx_hal_cortex.o
 .text.__NVIC_GetPriorityGrouping
                0x08000f68       0x1c ./Drivers/STM32U5xx_HAL_Driver/Src/stm32u5xx_hal_cortex.o
 .text.__NVIC_SetPriority
                0x08000f84       0x54 ./Drivers/STM32U5xx_HAL_Driver/Src/stm32u5xx_hal_cortex.o
 .text.NVIC_EncodePriority
                0x08000fd8       0x66 ./Drivers/STM32U5xx_HAL_Driver/Src/stm32u5xx_hal_cortex.o
 .text.HAL_NVIC_SetPriorityGrouping
                0x0800103e       0x16 ./Drivers/STM32U5xx_HAL_Driver/Src/stm32u5xx_hal_cortex.o
                0x0800103e                HAL_NVIC_SetPriorityGrouping
 .text.HAL_NVIC_SetPriority
                0x08001054       0x34 ./Drivers/STM32U5xx_HAL_Driver/Src/stm32u5xx_hal_cortex.o
                0x08001054                HAL_NVIC_SetPriority
 .text.HAL_SYSTICK_Config
                0x08001088       0x44 ./Drivers/STM32U5xx_HAL_Driver/Src/stm32u5xx_hal_cortex.o
                0x08001088                HAL_SYSTICK_Config
 .text.HAL_SYSTICK_CLKSourceConfig
                0x080010cc       0xb0 ./Drivers/STM32U5xx_HAL_Driver/Src/stm32u5xx_hal_cortex.o
                0x080010cc                HAL_SYSTICK_CLKSourceConfig
 .text.HAL_SYSTICK_GetCLKSourceConfig
                0x0800117c       0x74 ./Drivers/STM32U5xx_HAL_Driver/Src/stm32u5xx_hal_cortex.o
                0x0800117c                HAL_SYSTICK_GetCLKSourceConfig
 .text.HAL_GPIO_Init
                0x080011f0      0x3b0 ./Drivers/STM32U5xx_HAL_Driver/Src/stm32u5xx_hal_gpio.o
                0x080011f0                HAL_GPIO_Init
 .text.HAL_PWR_EnableBkUpAccess
                0x080015a0       0x20 ./Drivers/STM32U5xx_HAL_Driver/Src/stm32u5xx_hal_pwr.o
                0x080015a0                HAL_PWR_EnableBkUpAccess
 .text.HAL_PWREx_ControlVoltageScaling
                0x080015c0       0xfc ./Drivers/STM32U5xx_HAL_Driver/Src/stm32u5xx_hal_pwr_ex.o
                0x080015c0                HAL_PWREx_ControlVoltageScaling
 .text.HAL_PWREx_GetVoltageRange
                0x080016bc       0x1c ./Drivers/STM32U5xx_HAL_Driver/Src/stm32u5xx_hal_pwr_ex.o
                0x080016bc                HAL_PWREx_GetVoltageRange
 .text.HAL_PWREx_ConfigSupply
                0x080016d8       0xa0 ./Drivers/STM32U5xx_HAL_Driver/Src/stm32u5xx_hal_pwr_ex.o
                0x080016d8                HAL_PWREx_ConfigSupply
 .text.HAL_RCC_OscConfig
                0x08001778      0xdb8 ./Drivers/STM32U5xx_HAL_Driver/Src/stm32u5xx_hal_rcc.o
                0x08001778                HAL_RCC_OscConfig
 .text.HAL_RCC_ClockConfig
                0x08002530      0x3e4 ./Drivers/STM32U5xx_HAL_Driver/Src/stm32u5xx_hal_rcc.o
                0x08002530                HAL_RCC_ClockConfig
 .text.HAL_RCC_GetSysClockFreq
                0x08002914      0x204 ./Drivers/STM32U5xx_HAL_Driver/Src/stm32u5xx_hal_rcc.o
                0x08002914                HAL_RCC_GetSysClockFreq
 .text.HAL_RCC_GetHCLKFreq
                0x08002b18       0x34 ./Drivers/STM32U5xx_HAL_Driver/Src/stm32u5xx_hal_rcc.o
                0x08002b18                HAL_RCC_GetHCLKFreq
 .text.HAL_RCC_GetPCLK1Freq
                0x08002b4c       0x28 ./Drivers/STM32U5xx_HAL_Driver/Src/stm32u5xx_hal_rcc.o
                0x08002b4c                HAL_RCC_GetPCLK1Freq
 .text.HAL_RCC_GetPCLK2Freq
                0x08002b74       0x28 ./Drivers/STM32U5xx_HAL_Driver/Src/stm32u5xx_hal_rcc.o
                0x08002b74                HAL_RCC_GetPCLK2Freq
 .text.HAL_RCC_GetPCLK3Freq
                0x08002b9c       0x28 ./Drivers/STM32U5xx_HAL_Driver/Src/stm32u5xx_hal_rcc.o
                0x08002b9c                HAL_RCC_GetPCLK3Freq
 .text.RCC_SetFlashLatencyFromMSIRange
                0x08002bc4      0x10c ./Drivers/STM32U5xx_HAL_Driver/Src/stm32u5xx_hal_rcc.o
 .text.HAL_RCCEx_PeriphCLKConfig
                0x08002cd0      0xa7c ./Drivers/STM32U5xx_HAL_Driver/Src/stm32u5xx_hal_rcc_ex.o
                0x08002cd0                HAL_RCCEx_PeriphCLKConfig
 .text.HAL_RCCEx_GetPLL1ClockFreq
                0x0800374c      0x2b4 ./Drivers/STM32U5xx_HAL_Driver/Src/stm32u5xx_hal_rcc_ex.o
                0x0800374c                HAL_RCCEx_GetPLL1ClockFreq
 .text.HAL_RCCEx_GetPLL2ClockFreq
                0x08003a00      0x2b4 ./Drivers/STM32U5xx_HAL_Driver/Src/stm32u5xx_hal_rcc_ex.o
                0x08003a00                HAL_RCCEx_GetPLL2ClockFreq
 .text.HAL_RCCEx_GetPLL3ClockFreq
                0x08003cb4      0x2b4 ./Drivers/STM32U5xx_HAL_Driver/Src/stm32u5xx_hal_rcc_ex.o
                0x08003cb4                HAL_RCCEx_GetPLL3ClockFreq
 .text.HAL_RCCEx_GetPeriphCLKFreq
                0x08003f68     0x1284 ./Drivers/STM32U5xx_HAL_Driver/Src/stm32u5xx_hal_rcc_ex.o
                0x08003f68                HAL_RCCEx_GetPeriphCLKFreq
 .text.RCCEx_PLL2_Config
                0x080051ec      0x130 ./Drivers/STM32U5xx_HAL_Driver/Src/stm32u5xx_hal_rcc_ex.o
 .text.RCCEx_PLL3_Config
                0x0800531c      0x130 ./Drivers/STM32U5xx_HAL_Driver/Src/stm32u5xx_hal_rcc_ex.o
 .text.HAL_RTC_Init
                0x0800544c      0x114 ./Drivers/STM32U5xx_HAL_Driver/Src/stm32u5xx_hal_rtc.o
                0x0800544c                HAL_RTC_Init
 .text.HAL_RTC_SetTime
                0x08005560      0x138 ./Drivers/STM32U5xx_HAL_Driver/Src/stm32u5xx_hal_rtc.o
                0x08005560                HAL_RTC_SetTime
 .text.HAL_RTC_GetTime
                0x08005698       0xe4 ./Drivers/STM32U5xx_HAL_Driver/Src/stm32u5xx_hal_rtc.o
                0x08005698                HAL_RTC_GetTime
 .text.HAL_RTC_SetDate
                0x0800577c      0x10c ./Drivers/STM32U5xx_HAL_Driver/Src/stm32u5xx_hal_rtc.o
                0x0800577c                HAL_RTC_SetDate
 .text.HAL_RTC_GetDate
                0x08005888       0x9c ./Drivers/STM32U5xx_HAL_Driver/Src/stm32u5xx_hal_rtc.o
                0x08005888                HAL_RTC_GetDate
 .text.HAL_RTC_WaitForSynchro
                0x08005924       0x64 ./Drivers/STM32U5xx_HAL_Driver/Src/stm32u5xx_hal_rtc.o
                0x08005924                HAL_RTC_WaitForSynchro
 .text.RTC_EnterInitMode
                0x08005988       0x78 ./Drivers/STM32U5xx_HAL_Driver/Src/stm32u5xx_hal_rtc.o
                0x08005988                RTC_EnterInitMode
 .text.RTC_ExitInitMode
                0x08005a00       0x7c ./Drivers/STM32U5xx_HAL_Driver/Src/stm32u5xx_hal_rtc.o
                0x08005a00                RTC_ExitInitMode
 .text.RTC_ByteToBcd2
                0x08005a7c       0x40 ./Drivers/STM32U5xx_HAL_Driver/Src/stm32u5xx_hal_rtc.o
                0x08005a7c                RTC_ByteToBcd2
 .text.RTC_Bcd2ToByte
                0x08005abc       0x38 ./Drivers/STM32U5xx_HAL_Driver/Src/stm32u5xx_hal_rtc.o
                0x08005abc                RTC_Bcd2ToByte
 .text.HAL_RTCEx_PrivilegeModeSet
                0x08005af4       0x5c ./Drivers/STM32U5xx_HAL_Driver/Src/stm32u5xx_hal_rtc_ex.o
                0x08005af4                HAL_RTCEx_PrivilegeModeSet
 .text.HAL_UART_Init
                0x08005b50       0xa0 ./Drivers/STM32U5xx_HAL_Driver/Src/stm32u5xx_hal_uart.o
                0x08005b50                HAL_UART_Init
 .text.HAL_UART_Transmit
                0x08005bf0      0x11c ./Drivers/STM32U5xx_HAL_Driver/Src/stm32u5xx_hal_uart.o
                0x08005bf0                HAL_UART_Transmit
 .text.UART_SetConfig
                0x08005d0c      0x330 ./Drivers/STM32U5xx_HAL_Driver/Src/stm32u5xx_hal_uart.o
                0x08005d0c                UART_SetConfig
 .text.UART_AdvFeatureConfig
                0x0800603c      0x144 ./Drivers/STM32U5xx_HAL_Driver/Src/stm32u5xx_hal_uart.o
                0x0800603c                UART_AdvFeatureConfig
 .text.UART_CheckIdleState
                0x08006180      0x154 ./Drivers/STM32U5xx_HAL_Driver/Src/stm32u5xx_hal_uart.o
                0x08006180                UART_CheckIdleState
 .text.UART_WaitOnFlagUntilTimeout
                0x080062d4       0xda ./Drivers/STM32U5xx_HAL_Driver/Src/stm32u5xx_hal_uart.o
                0x080062d4                UART_WaitOnFlagUntilTimeout
 .text.UART_EndRxTransfer
                0x080063ae       0xcc ./Drivers/STM32U5xx_HAL_Driver/Src/stm32u5xx_hal_uart.o
 .text.HAL_UARTEx_DisableFifoMode
                0x0800647a       0x72 ./Drivers/STM32U5xx_HAL_Driver/Src/stm32u5xx_hal_uart_ex.o
                0x0800647a                HAL_UARTEx_DisableFifoMode
 .text.HAL_UARTEx_SetTxFifoThreshold
                0x080064ec       0x7c ./Drivers/STM32U5xx_HAL_Driver/Src/stm32u5xx_hal_uart_ex.o
                0x080064ec                HAL_UARTEx_SetTxFifoThreshold
 .text.HAL_UARTEx_SetRxFifoThreshold
                0x08006568       0x7c ./Drivers/STM32U5xx_HAL_Driver/Src/stm32u5xx_hal_uart_ex.o
                0x08006568                HAL_UARTEx_SetRxFifoThreshold
 .text.UARTEx_SetNbDataToProcess
                0x080065e4       0x9c ./Drivers/STM32U5xx_HAL_Driver/Src/stm32u5xx_hal_uart_ex.o
 .text.std      0x08006680       0x6c D:/STM32Cube/STM32CubeIDE_1.17.0/STM32CubeIDE/plugins/com.st.stm32cube.ide.mcu.externaltools.gnu-tools-for-stm32.12.3.rel1.win32_1.1.0.202410251130/tools/bin/../lib/gcc/arm-none-eabi/12.3.1/../../../../arm-none-eabi/lib/thumb/v8-m.main+fp/hard\libc_nano.a(libc_a-findfp.o)
 .text.stdio_exit_handler
                0x080066ec       0x18 D:/STM32Cube/STM32CubeIDE_1.17.0/STM32CubeIDE/plugins/com.st.stm32cube.ide.mcu.externaltools.gnu-tools-for-stm32.12.3.rel1.win32_1.1.0.202410251130/tools/bin/../lib/gcc/arm-none-eabi/12.3.1/../../../../arm-none-eabi/lib/thumb/v8-m.main+fp/hard\libc_nano.a(libc_a-findfp.o)
 .text.cleanup_stdio
                0x08006704       0x40 D:/STM32Cube/STM32CubeIDE_1.17.0/STM32CubeIDE/plugins/com.st.stm32cube.ide.mcu.externaltools.gnu-tools-for-stm32.12.3.rel1.win32_1.1.0.202410251130/tools/bin/../lib/gcc/arm-none-eabi/12.3.1/../../../../arm-none-eabi/lib/thumb/v8-m.main+fp/hard\libc_nano.a(libc_a-findfp.o)
 .text.global_stdio_init.part.0
                0x08006744       0x3c D:/STM32Cube/STM32CubeIDE_1.17.0/STM32CubeIDE/plugins/com.st.stm32cube.ide.mcu.externaltools.gnu-tools-for-stm32.12.3.rel1.win32_1.1.0.202410251130/tools/bin/../lib/gcc/arm-none-eabi/12.3.1/../../../../arm-none-eabi/lib/thumb/v8-m.main+fp/hard\libc_nano.a(libc_a-findfp.o)
 .text.__sfp_lock_acquire
                0x08006780        0xc D:/STM32Cube/STM32CubeIDE_1.17.0/STM32CubeIDE/plugins/com.st.stm32cube.ide.mcu.externaltools.gnu-tools-for-stm32.12.3.rel1.win32_1.1.0.202410251130/tools/bin/../lib/gcc/arm-none-eabi/12.3.1/../../../../arm-none-eabi/lib/thumb/v8-m.main+fp/hard\libc_nano.a(libc_a-findfp.o)
                0x08006780                __sfp_lock_acquire
 .text.__sfp_lock_release
                0x0800678c        0xc D:/STM32Cube/STM32CubeIDE_1.17.0/STM32CubeIDE/plugins/com.st.stm32cube.ide.mcu.externaltools.gnu-tools-for-stm32.12.3.rel1.win32_1.1.0.202410251130/tools/bin/../lib/gcc/arm-none-eabi/12.3.1/../../../../arm-none-eabi/lib/thumb/v8-m.main+fp/hard\libc_nano.a(libc_a-findfp.o)
                0x0800678c                __sfp_lock_release
 .text.__sinit  0x08006798       0x30 D:/STM32Cube/STM32CubeIDE_1.17.0/STM32CubeIDE/plugins/com.st.stm32cube.ide.mcu.externaltools.gnu-tools-for-stm32.12.3.rel1.win32_1.1.0.202410251130/tools/bin/../lib/gcc/arm-none-eabi/12.3.1/../../../../arm-none-eabi/lib/thumb/v8-m.main+fp/hard\libc_nano.a(libc_a-findfp.o)
                0x08006798                __sinit
 .text._fwalk_sglue
                0x080067c8       0x3c D:/STM32Cube/STM32CubeIDE_1.17.0/STM32CubeIDE/plugins/com.st.stm32cube.ide.mcu.externaltools.gnu-tools-for-stm32.12.3.rel1.win32_1.1.0.202410251130/tools/bin/../lib/gcc/arm-none-eabi/12.3.1/../../../../arm-none-eabi/lib/thumb/v8-m.main+fp/hard\libc_nano.a(libc_a-fwalk.o)
                0x080067c8                _fwalk_sglue
 .text.printf   0x08006804       0x24 D:/STM32Cube/STM32CubeIDE_1.17.0/STM32CubeIDE/plugins/com.st.stm32cube.ide.mcu.externaltools.gnu-tools-for-stm32.12.3.rel1.win32_1.1.0.202410251130/tools/bin/../lib/gcc/arm-none-eabi/12.3.1/../../../../arm-none-eabi/lib/thumb/v8-m.main+fp/hard\libc_nano.a(libc_a-printf.o)
                0x08006804                iprintf
                0x08006804                printf
 .text.__sread  0x08006828       0x22 D:/STM32Cube/STM32CubeIDE_1.17.0/STM32CubeIDE/plugins/com.st.stm32cube.ide.mcu.externaltools.gnu-tools-for-stm32.12.3.rel1.win32_1.1.0.202410251130/tools/bin/../lib/gcc/arm-none-eabi/12.3.1/../../../../arm-none-eabi/lib/thumb/v8-m.main+fp/hard\libc_nano.a(libc_a-stdio.o)
                0x08006828                __sread
 .text.__swrite
                0x0800684a       0x38 D:/STM32Cube/STM32CubeIDE_1.17.0/STM32CubeIDE/plugins/com.st.stm32cube.ide.mcu.externaltools.gnu-tools-for-stm32.12.3.rel1.win32_1.1.0.202410251130/tools/bin/../lib/gcc/arm-none-eabi/12.3.1/../../../../arm-none-eabi/lib/thumb/v8-m.main+fp/hard\libc_nano.a(libc_a-stdio.o)
                0x0800684a                __swrite
 .text.__sseek  0x08006882       0x24 D:/STM32Cube/STM32CubeIDE_1.17.0/STM32CubeIDE/plugins/com.st.stm32cube.ide.mcu.externaltools.gnu-tools-for-stm32.12.3.rel1.win32_1.1.0.202410251130/tools/bin/../lib/gcc/arm-none-eabi/12.3.1/../../../../arm-none-eabi/lib/thumb/v8-m.main+fp/hard\libc_nano.a(libc_a-stdio.o)
                0x08006882                __sseek
 .text.__sclose
                0x080068a6        0x8 D:/STM32Cube/STM32CubeIDE_1.17.0/STM32CubeIDE/plugins/com.st.stm32cube.ide.mcu.externaltools.gnu-tools-for-stm32.12.3.rel1.win32_1.1.0.202410251130/tools/bin/../lib/gcc/arm-none-eabi/12.3.1/../../../../arm-none-eabi/lib/thumb/v8-m.main+fp/hard\libc_nano.a(libc_a-stdio.o)
                0x080068a6                __sclose
 .text.memset   0x080068ae       0x10 D:/STM32Cube/STM32CubeIDE_1.17.0/STM32CubeIDE/plugins/com.st.stm32cube.ide.mcu.externaltools.gnu-tools-for-stm32.12.3.rel1.win32_1.1.0.202410251130/tools/bin/../lib/gcc/arm-none-eabi/12.3.1/../../../../arm-none-eabi/lib/thumb/v8-m.main+fp/hard\libc_nano.a(libc_a-memset.o)
                0x080068ae                memset
 *fill*         0x080068be        0x2 
 .text._close_r
                0x080068c0       0x20 D:/STM32Cube/STM32CubeIDE_1.17.0/STM32CubeIDE/plugins/com.st.stm32cube.ide.mcu.externaltools.gnu-tools-for-stm32.12.3.rel1.win32_1.1.0.202410251130/tools/bin/../lib/gcc/arm-none-eabi/12.3.1/../../../../arm-none-eabi/lib/thumb/v8-m.main+fp/hard\libc_nano.a(libc_a-closer.o)
                0x080068c0                _close_r
 .text._lseek_r
                0x080068e0       0x24 D:/STM32Cube/STM32CubeIDE_1.17.0/STM32CubeIDE/plugins/com.st.stm32cube.ide.mcu.externaltools.gnu-tools-for-stm32.12.3.rel1.win32_1.1.0.202410251130/tools/bin/../lib/gcc/arm-none-eabi/12.3.1/../../../../arm-none-eabi/lib/thumb/v8-m.main+fp/hard\libc_nano.a(libc_a-lseekr.o)
                0x080068e0                _lseek_r
 .text._read_r  0x08006904       0x24 D:/STM32Cube/STM32CubeIDE_1.17.0/STM32CubeIDE/plugins/com.st.stm32cube.ide.mcu.externaltools.gnu-tools-for-stm32.12.3.rel1.win32_1.1.0.202410251130/tools/bin/../lib/gcc/arm-none-eabi/12.3.1/../../../../arm-none-eabi/lib/thumb/v8-m.main+fp/hard\libc_nano.a(libc_a-readr.o)
                0x08006904                _read_r
 .text._write_r
                0x08006928       0x24 D:/STM32Cube/STM32CubeIDE_1.17.0/STM32CubeIDE/plugins/com.st.stm32cube.ide.mcu.externaltools.gnu-tools-for-stm32.12.3.rel1.win32_1.1.0.202410251130/tools/bin/../lib/gcc/arm-none-eabi/12.3.1/../../../../arm-none-eabi/lib/thumb/v8-m.main+fp/hard\libc_nano.a(libc_a-writer.o)
                0x08006928                _write_r
 .text.__errno  0x0800694c        0xc D:/STM32Cube/STM32CubeIDE_1.17.0/STM32CubeIDE/plugins/com.st.stm32cube.ide.mcu.externaltools.gnu-tools-for-stm32.12.3.rel1.win32_1.1.0.202410251130/tools/bin/../lib/gcc/arm-none-eabi/12.3.1/../../../../arm-none-eabi/lib/thumb/v8-m.main+fp/hard\libc_nano.a(libc_a-errno.o)
                0x0800694c                __errno
 .text.__libc_init_array
                0x08006958       0x48 D:/STM32Cube/STM32CubeIDE_1.17.0/STM32CubeIDE/plugins/com.st.stm32cube.ide.mcu.externaltools.gnu-tools-for-stm32.12.3.rel1.win32_1.1.0.202410251130/tools/bin/../lib/gcc/arm-none-eabi/12.3.1/../../../../arm-none-eabi/lib/thumb/v8-m.main+fp/hard\libc_nano.a(libc_a-init.o)
                0x08006958                __libc_init_array
 .text.__retarget_lock_init_recursive
                0x080069a0        0x2 D:/STM32Cube/STM32CubeIDE_1.17.0/STM32CubeIDE/plugins/com.st.stm32cube.ide.mcu.externaltools.gnu-tools-for-stm32.12.3.rel1.win32_1.1.0.202410251130/tools/bin/../lib/gcc/arm-none-eabi/12.3.1/../../../../arm-none-eabi/lib/thumb/v8-m.main+fp/hard\libc_nano.a(libc_a-lock.o)
                0x080069a0                __retarget_lock_init_recursive
 .text.__retarget_lock_acquire_recursive
                0x080069a2        0x2 D:/STM32Cube/STM32CubeIDE_1.17.0/STM32CubeIDE/plugins/com.st.stm32cube.ide.mcu.externaltools.gnu-tools-for-stm32.12.3.rel1.win32_1.1.0.202410251130/tools/bin/../lib/gcc/arm-none-eabi/12.3.1/../../../../arm-none-eabi/lib/thumb/v8-m.main+fp/hard\libc_nano.a(libc_a-lock.o)
                0x080069a2                __retarget_lock_acquire_recursive
 .text.__retarget_lock_release_recursive
                0x080069a4        0x2 D:/STM32Cube/STM32CubeIDE_1.17.0/STM32CubeIDE/plugins/com.st.stm32cube.ide.mcu.externaltools.gnu-tools-for-stm32.12.3.rel1.win32_1.1.0.202410251130/tools/bin/../lib/gcc/arm-none-eabi/12.3.1/../../../../arm-none-eabi/lib/thumb/v8-m.main+fp/hard\libc_nano.a(libc_a-lock.o)
                0x080069a4                __retarget_lock_release_recursive
 *fill*         0x080069a6        0x2 
 .text._free_r  0x080069a8       0x94 D:/STM32Cube/STM32CubeIDE_1.17.0/STM32CubeIDE/plugins/com.st.stm32cube.ide.mcu.externaltools.gnu-tools-for-stm32.12.3.rel1.win32_1.1.0.202410251130/tools/bin/../lib/gcc/arm-none-eabi/12.3.1/../../../../arm-none-eabi/lib/thumb/v8-m.main+fp/hard\libc_nano.a(libc_a-freer.o)
                0x080069a8                _free_r
 .text.sbrk_aligned
                0x08006a3c       0x44 D:/STM32Cube/STM32CubeIDE_1.17.0/STM32CubeIDE/plugins/com.st.stm32cube.ide.mcu.externaltools.gnu-tools-for-stm32.12.3.rel1.win32_1.1.0.202410251130/tools/bin/../lib/gcc/arm-none-eabi/12.3.1/../../../../arm-none-eabi/lib/thumb/v8-m.main+fp/hard\libc_nano.a(libc_a-mallocr.o)
 .text._malloc_r
                0x08006a80      0x100 D:/STM32Cube/STM32CubeIDE_1.17.0/STM32CubeIDE/plugins/com.st.stm32cube.ide.mcu.externaltools.gnu-tools-for-stm32.12.3.rel1.win32_1.1.0.202410251130/tools/bin/../lib/gcc/arm-none-eabi/12.3.1/../../../../arm-none-eabi/lib/thumb/v8-m.main+fp/hard\libc_nano.a(libc_a-mallocr.o)
                0x08006a80                _malloc_r
 .text.__malloc_lock
                0x08006b80        0xc D:/STM32Cube/STM32CubeIDE_1.17.0/STM32CubeIDE/plugins/com.st.stm32cube.ide.mcu.externaltools.gnu-tools-for-stm32.12.3.rel1.win32_1.1.0.202410251130/tools/bin/../lib/gcc/arm-none-eabi/12.3.1/../../../../arm-none-eabi/lib/thumb/v8-m.main+fp/hard\libc_nano.a(libc_a-mlock.o)
                0x08006b80                __malloc_lock
 .text.__malloc_unlock
                0x08006b8c        0xc D:/STM32Cube/STM32CubeIDE_1.17.0/STM32CubeIDE/plugins/com.st.stm32cube.ide.mcu.externaltools.gnu-tools-for-stm32.12.3.rel1.win32_1.1.0.202410251130/tools/bin/../lib/gcc/arm-none-eabi/12.3.1/../../../../arm-none-eabi/lib/thumb/v8-m.main+fp/hard\libc_nano.a(libc_a-mlock.o)
                0x08006b8c                __malloc_unlock
 .text.__sfputc_r
                0x08006b98       0x2e D:/STM32Cube/STM32CubeIDE_1.17.0/STM32CubeIDE/plugins/com.st.stm32cube.ide.mcu.externaltools.gnu-tools-for-stm32.12.3.rel1.win32_1.1.0.202410251130/tools/bin/../lib/gcc/arm-none-eabi/12.3.1/../../../../arm-none-eabi/lib/thumb/v8-m.main+fp/hard\libc_nano.a(libc_a-nano-vfprintf.o)
 .text.__sfputs_r
                0x08006bc6       0x24 D:/STM32Cube/STM32CubeIDE_1.17.0/STM32CubeIDE/plugins/com.st.stm32cube.ide.mcu.externaltools.gnu-tools-for-stm32.12.3.rel1.win32_1.1.0.202410251130/tools/bin/../lib/gcc/arm-none-eabi/12.3.1/../../../../arm-none-eabi/lib/thumb/v8-m.main+fp/hard\libc_nano.a(libc_a-nano-vfprintf.o)
                0x08006bc6                __sfputs_r
 *fill*         0x08006bea        0x2 
 .text._vfprintf_r
                0x08006bec      0x230 D:/STM32Cube/STM32CubeIDE_1.17.0/STM32CubeIDE/plugins/com.st.stm32cube.ide.mcu.externaltools.gnu-tools-for-stm32.12.3.rel1.win32_1.1.0.202410251130/tools/bin/../lib/gcc/arm-none-eabi/12.3.1/../../../../arm-none-eabi/lib/thumb/v8-m.main+fp/hard\libc_nano.a(libc_a-nano-vfprintf.o)
                0x08006bec                _vfprintf_r
                0x08006bec                _vfiprintf_r
 .text._printf_common
                0x08006e1c       0xe4 D:/STM32Cube/STM32CubeIDE_1.17.0/STM32CubeIDE/plugins/com.st.stm32cube.ide.mcu.externaltools.gnu-tools-for-stm32.12.3.rel1.win32_1.1.0.202410251130/tools/bin/../lib/gcc/arm-none-eabi/12.3.1/../../../../arm-none-eabi/lib/thumb/v8-m.main+fp/hard\libc_nano.a(libc_a-nano-vfprintf_i.o)
                0x08006e1c                _printf_common
 .text._printf_i
                0x08006f00      0x240 D:/STM32Cube/STM32CubeIDE_1.17.0/STM32CubeIDE/plugins/com.st.stm32cube.ide.mcu.externaltools.gnu-tools-for-stm32.12.3.rel1.win32_1.1.0.202410251130/tools/bin/../lib/gcc/arm-none-eabi/12.3.1/../../../../arm-none-eabi/lib/thumb/v8-m.main+fp/hard\libc_nano.a(libc_a-nano-vfprintf_i.o)
                0x08006f00                _printf_i
 .text.__sflush_r
                0x08007140      0x108 D:/STM32Cube/STM32CubeIDE_1.17.0/STM32CubeIDE/plugins/com.st.stm32cube.ide.mcu.externaltools.gnu-tools-for-stm32.12.3.rel1.win32_1.1.0.202410251130/tools/bin/../lib/gcc/arm-none-eabi/12.3.1/../../../../arm-none-eabi/lib/thumb/v8-m.main+fp/hard\libc_nano.a(libc_a-fflush.o)
                0x08007140                __sflush_r
 .text._fflush_r
                0x08007248       0x50 D:/STM32Cube/STM32CubeIDE_1.17.0/STM32CubeIDE/plugins/com.st.stm32cube.ide.mcu.externaltools.gnu-tools-for-stm32.12.3.rel1.win32_1.1.0.202410251130/tools/bin/../lib/gcc/arm-none-eabi/12.3.1/../../../../arm-none-eabi/lib/thumb/v8-m.main+fp/hard\libc_nano.a(libc_a-fflush.o)
                0x08007248                _fflush_r
 .text.__swbuf_r
                0x08007298       0x7c D:/STM32Cube/STM32CubeIDE_1.17.0/STM32CubeIDE/plugins/com.st.stm32cube.ide.mcu.externaltools.gnu-tools-for-stm32.12.3.rel1.win32_1.1.0.202410251130/tools/bin/../lib/gcc/arm-none-eabi/12.3.1/../../../../arm-none-eabi/lib/thumb/v8-m.main+fp/hard\libc_nano.a(libc_a-wbuf.o)
                0x08007298                __swbuf_r
 .text.__swsetup_r
                0x08007314       0xac D:/STM32Cube/STM32CubeIDE_1.17.0/STM32CubeIDE/plugins/com.st.stm32cube.ide.mcu.externaltools.gnu-tools-for-stm32.12.3.rel1.win32_1.1.0.202410251130/tools/bin/../lib/gcc/arm-none-eabi/12.3.1/../../../../arm-none-eabi/lib/thumb/v8-m.main+fp/hard\libc_nano.a(libc_a-wsetup.o)
                0x08007314                __swsetup_r
 .text._sbrk_r  0x080073c0       0x20 D:/STM32Cube/STM32CubeIDE_1.17.0/STM32CubeIDE/plugins/com.st.stm32cube.ide.mcu.externaltools.gnu-tools-for-stm32.12.3.rel1.win32_1.1.0.202410251130/tools/bin/../lib/gcc/arm-none-eabi/12.3.1/../../../../arm-none-eabi/lib/thumb/v8-m.main+fp/hard\libc_nano.a(libc_a-sbrkr.o)
                0x080073c0                _sbrk_r
 .text.memchr   0x080073e0       0x1c D:/STM32Cube/STM32CubeIDE_1.17.0/STM32CubeIDE/plugins/com.st.stm32cube.ide.mcu.externaltools.gnu-tools-for-stm32.12.3.rel1.win32_1.1.0.202410251130/tools/bin/../lib/gcc/arm-none-eabi/12.3.1/../../../../arm-none-eabi/lib/thumb/v8-m.main+fp/hard\libc_nano.a(libc_a-memchr-stub.o)
                0x080073e0                memchr
 .text.__swhatbuf_r
                0x080073fc       0x4a D:/STM32Cube/STM32CubeIDE_1.17.0/STM32CubeIDE/plugins/com.st.stm32cube.ide.mcu.externaltools.gnu-tools-for-stm32.12.3.rel1.win32_1.1.0.202410251130/tools/bin/../lib/gcc/arm-none-eabi/12.3.1/../../../../arm-none-eabi/lib/thumb/v8-m.main+fp/hard\libc_nano.a(libc_a-makebuf.o)
                0x080073fc                __swhatbuf_r
 .text.__smakebuf_r
                0x08007446       0x78 D:/STM32Cube/STM32CubeIDE_1.17.0/STM32CubeIDE/plugins/com.st.stm32cube.ide.mcu.externaltools.gnu-tools-for-stm32.12.3.rel1.win32_1.1.0.202410251130/tools/bin/../lib/gcc/arm-none-eabi/12.3.1/../../../../arm-none-eabi/lib/thumb/v8-m.main+fp/hard\libc_nano.a(libc_a-makebuf.o)
                0x08007446                __smakebuf_r
 *fill*         0x080074be        0x2 
 .text._fstat_r
                0x080074c0       0x24 D:/STM32Cube/STM32CubeIDE_1.17.0/STM32CubeIDE/plugins/com.st.stm32cube.ide.mcu.externaltools.gnu-tools-for-stm32.12.3.rel1.win32_1.1.0.202410251130/tools/bin/../lib/gcc/arm-none-eabi/12.3.1/../../../../arm-none-eabi/lib/thumb/v8-m.main+fp/hard\libc_nano.a(libc_a-fstatr.o)
                0x080074c0                _fstat_r
 .text._isatty_r
                0x080074e4       0x20 D:/STM32Cube/STM32CubeIDE_1.17.0/STM32CubeIDE/plugins/com.st.stm32cube.ide.mcu.externaltools.gnu-tools-for-stm32.12.3.rel1.win32_1.1.0.202410251130/tools/bin/../lib/gcc/arm-none-eabi/12.3.1/../../../../arm-none-eabi/lib/thumb/v8-m.main+fp/hard\libc_nano.a(libc_a-isattyr.o)
                0x080074e4                _isatty_r
 *(.glue_7)
 .glue_7        0x08007504        0x0 linker stubs
 *(.glue_7t)
 .glue_7t       0x08007504        0x0 linker stubs
 *(.eh_frame)
 .eh_frame      0x08007504        0x0 D:/STM32Cube/STM32CubeIDE_1.17.0/STM32CubeIDE/plugins/com.st.stm32cube.ide.mcu.externaltools.gnu-tools-for-stm32.12.3.rel1.win32_1.1.0.202410251130/tools/bin/../lib/gcc/arm-none-eabi/12.3.1/thumb/v8-m.main+fp/hard/crtbegin.o
 *(.init)
 .init          0x08007504        0x4 D:/STM32Cube/STM32CubeIDE_1.17.0/STM32CubeIDE/plugins/com.st.stm32cube.ide.mcu.externaltools.gnu-tools-for-stm32.12.3.rel1.win32_1.1.0.202410251130/tools/bin/../lib/gcc/arm-none-eabi/12.3.1/thumb/v8-m.main+fp/hard/crti.o
                0x08007504                _init
 .init          0x08007508        0x8 D:/STM32Cube/STM32CubeIDE_1.17.0/STM32CubeIDE/plugins/com.st.stm32cube.ide.mcu.externaltools.gnu-tools-for-stm32.12.3.rel1.win32_1.1.0.202410251130/tools/bin/../lib/gcc/arm-none-eabi/12.3.1/thumb/v8-m.main+fp/hard/crtn.o
 *(.fini)
 .fini          0x08007510        0x4 D:/STM32Cube/STM32CubeIDE_1.17.0/STM32CubeIDE/plugins/com.st.stm32cube.ide.mcu.externaltools.gnu-tools-for-stm32.12.3.rel1.win32_1.1.0.202410251130/tools/bin/../lib/gcc/arm-none-eabi/12.3.1/thumb/v8-m.main+fp/hard/crti.o
                0x08007510                _fini
 .fini          0x08007514        0x8 D:/STM32Cube/STM32CubeIDE_1.17.0/STM32CubeIDE/plugins/com.st.stm32cube.ide.mcu.externaltools.gnu-tools-for-stm32.12.3.rel1.win32_1.1.0.202410251130/tools/bin/../lib/gcc/arm-none-eabi/12.3.1/thumb/v8-m.main+fp/hard/crtn.o
                0x0800751c                        _etext = .

.vfp11_veneer   0x0800751c        0x0
 .vfp11_veneer  0x0800751c        0x0 linker stubs

.v4_bx          0x0800751c        0x0
 .v4_bx         0x0800751c        0x0 linker stubs

.iplt           0x0800751c        0x0
 .iplt          0x0800751c        0x0 D:/STM32Cube/STM32CubeIDE_1.17.0/STM32CubeIDE/plugins/com.st.stm32cube.ide.mcu.externaltools.gnu-tools-for-stm32.12.3.rel1.win32_1.1.0.202410251130/tools/bin/../lib/gcc/arm-none-eabi/12.3.1/thumb/v8-m.main+fp/hard/crtbegin.o

.rodata         0x0800751c      0x183
 *(.rodata)
 .rodata        0x0800751c       0x4d ./Core/Src/main.o
 *(.rodata*)
 *fill*         0x08007569        0x3 
 .rodata.AHBPrescTable
                0x0800756c       0x10 ./Core/Src/system_stm32u5xx.o
                0x0800756c                AHBPrescTable
 .rodata.APBPrescTable
                0x0800757c        0x8 ./Core/Src/system_stm32u5xx.o
                0x0800757c                APBPrescTable
 .rodata.MSIRangeTable
                0x08007584       0x40 ./Core/Src/system_stm32u5xx.o
                0x08007584                MSIRangeTable
 .rodata.LPGPIO_Map
                0x080075c4       0x80 ./Drivers/STM32U5xx_HAL_Driver/Src/stm32u5xx_hal_gpio.o
 .rodata.UARTPrescTable
                0x08007644       0x18 ./Drivers/STM32U5xx_HAL_Driver/Src/stm32u5xx_hal_uart.o
                0x08007644                UARTPrescTable
 .rodata.numerator.1
                0x0800765c        0x8 ./Drivers/STM32U5xx_HAL_Driver/Src/stm32u5xx_hal_uart_ex.o
 .rodata.denominator.0
                0x08007664        0x8 ./Drivers/STM32U5xx_HAL_Driver/Src/stm32u5xx_hal_uart_ex.o
 .rodata._vfprintf_r.str1.1
                0x0800766c       0x11 D:/STM32Cube/STM32CubeIDE_1.17.0/STM32CubeIDE/plugins/com.st.stm32cube.ide.mcu.externaltools.gnu-tools-for-stm32.12.3.rel1.win32_1.1.0.202410251130/tools/bin/../lib/gcc/arm-none-eabi/12.3.1/../../../../arm-none-eabi/lib/thumb/v8-m.main+fp/hard\libc_nano.a(libc_a-nano-vfprintf.o)
 .rodata._printf_i.str1.1
                0x0800767d       0x22 D:/STM32Cube/STM32CubeIDE_1.17.0/STM32CubeIDE/plugins/com.st.stm32cube.ide.mcu.externaltools.gnu-tools-for-stm32.12.3.rel1.win32_1.1.0.202410251130/tools/bin/../lib/gcc/arm-none-eabi/12.3.1/../../../../arm-none-eabi/lib/thumb/v8-m.main+fp/hard\libc_nano.a(libc_a-nano-vfprintf_i.o)

.ARM.extab
 *(.ARM.extab* .gnu.linkonce.armextab.*)

.ARM            0x080076a0        0x8
                0x080076a0                        __exidx_start = .
 *(.ARM.exidx*)
 .ARM.exidx     0x080076a0        0x8 D:/STM32Cube/STM32CubeIDE_1.17.0/STM32CubeIDE/plugins/com.st.stm32cube.ide.mcu.externaltools.gnu-tools-for-stm32.12.3.rel1.win32_1.1.0.202410251130/tools/bin/../lib/gcc/arm-none-eabi/12.3.1/thumb/v8-m.main+fp/hard\libgcc.a(_udivmoddi4.o)
                0x080076a8                        __exidx_end = .

.preinit_array  0x080076a8        0x0
                0x080076a8                        PROVIDE (__preinit_array_start = .)
 *(.preinit_array*)
                0x080076a8                        PROVIDE (__preinit_array_end = .)

.init_array     0x080076a8        0x4
                0x080076a8                        PROVIDE (__init_array_start = .)
 *(SORT_BY_NAME(.init_array.*))
 *(.init_array*)
 .init_array    0x080076a8        0x4 D:/STM32Cube/STM32CubeIDE_1.17.0/STM32CubeIDE/plugins/com.st.stm32cube.ide.mcu.externaltools.gnu-tools-for-stm32.12.3.rel1.win32_1.1.0.202410251130/tools/bin/../lib/gcc/arm-none-eabi/12.3.1/thumb/v8-m.main+fp/hard/crtbegin.o
                0x080076ac                        PROVIDE (__init_array_end = .)

.fini_array     0x080076ac        0x4
                [!provide]                        PROVIDE (__fini_array_start = .)
 *(SORT_BY_NAME(.fini_array.*))
 *(.fini_array*)
 .fini_array    0x080076ac        0x4 D:/STM32Cube/STM32CubeIDE_1.17.0/STM32CubeIDE/plugins/com.st.stm32cube.ide.mcu.externaltools.gnu-tools-for-stm32.12.3.rel1.win32_1.1.0.202410251130/tools/bin/../lib/gcc/arm-none-eabi/12.3.1/thumb/v8-m.main+fp/hard/crtbegin.o
                [!provide]                        PROVIDE (__fini_array_end = .)
                0x080076b0                        _sidata = LOADADDR (.data)

.rel.dyn        0x080076b0        0x0
 .rel.iplt      0x080076b0        0x0 D:/STM32Cube/STM32CubeIDE_1.17.0/STM32CubeIDE/plugins/com.st.stm32cube.ide.mcu.externaltools.gnu-tools-for-stm32.12.3.rel1.win32_1.1.0.202410251130/tools/bin/../lib/gcc/arm-none-eabi/12.3.1/thumb/v8-m.main+fp/hard/crtbegin.o

.data           0x20000000       0x68 load address 0x080076b0
                0x20000000                        _sdata = .
 *(.data)
 *(.data*)
 .data.SystemCoreClock
                0x20000000        0x4 ./Core/Src/system_stm32u5xx.o
                0x20000000                SystemCoreClock
 .data.uwTickPrio
                0x20000004        0x4 ./Drivers/STM32U5xx_HAL_Driver/Src/stm32u5xx_hal.o
                0x20000004                uwTickPrio
 .data.uwTickFreq
                0x20000008        0x1 ./Drivers/STM32U5xx_HAL_Driver/Src/stm32u5xx_hal.o
                0x20000008                uwTickFreq
 *fill*         0x20000009        0x3 
 .data.__sglue  0x2000000c        0xc D:/STM32Cube/STM32CubeIDE_1.17.0/STM32CubeIDE/plugins/com.st.stm32cube.ide.mcu.externaltools.gnu-tools-for-stm32.12.3.rel1.win32_1.1.0.202410251130/tools/bin/../lib/gcc/arm-none-eabi/12.3.1/../../../../arm-none-eabi/lib/thumb/v8-m.main+fp/hard\libc_nano.a(libc_a-findfp.o)
                0x2000000c                __sglue
 .data._impure_ptr
                0x20000018        0x4 D:/STM32Cube/STM32CubeIDE_1.17.0/STM32CubeIDE/plugins/com.st.stm32cube.ide.mcu.externaltools.gnu-tools-for-stm32.12.3.rel1.win32_1.1.0.202410251130/tools/bin/../lib/gcc/arm-none-eabi/12.3.1/../../../../arm-none-eabi/lib/thumb/v8-m.main+fp/hard\libc_nano.a(libc_a-impure.o)
                0x20000018                _impure_ptr
 .data._impure_data
                0x2000001c       0x4c D:/STM32Cube/STM32CubeIDE_1.17.0/STM32CubeIDE/plugins/com.st.stm32cube.ide.mcu.externaltools.gnu-tools-for-stm32.12.3.rel1.win32_1.1.0.202410251130/tools/bin/../lib/gcc/arm-none-eabi/12.3.1/../../../../arm-none-eabi/lib/thumb/v8-m.main+fp/hard\libc_nano.a(libc_a-impure.o)
                0x2000001c                _impure_data
 *(.RamFunc)
 *(.RamFunc*)
                0x20000068                        _edata = .

.igot.plt       0x20000068        0x0 load address 0x08007718
 .igot.plt      0x20000068        0x0 D:/STM32Cube/STM32CubeIDE_1.17.0/STM32CubeIDE/plugins/com.st.stm32cube.ide.mcu.externaltools.gnu-tools-for-stm32.12.3.rel1.win32_1.1.0.202410251130/tools/bin/../lib/gcc/arm-none-eabi/12.3.1/thumb/v8-m.main+fp/hard/crtbegin.o

.bss            0x20000068      0x234 load address 0x08007718
                0x20000068                        _sbss = .
                0x20000068                        __bss_start__ = _sbss
 *(.bss)
 .bss           0x20000068       0x1c D:/STM32Cube/STM32CubeIDE_1.17.0/STM32CubeIDE/plugins/com.st.stm32cube.ide.mcu.externaltools.gnu-tools-for-stm32.12.3.rel1.win32_1.1.0.202410251130/tools/bin/../lib/gcc/arm-none-eabi/12.3.1/thumb/v8-m.main+fp/hard/crtbegin.o
 *(.bss*)
 .bss.hrtc      0x20000084       0x30 ./Core/Src/main.o
                0x20000084                hrtc
 .bss.huart1    0x200000b4       0x94 ./Core/Src/main.o
                0x200000b4                huart1
 .bss.__sbrk_heap_end
                0x20000148        0x4 ./Core/Src/sysmem.o
 .bss.uwTick    0x2000014c        0x4 ./Drivers/STM32U5xx_HAL_Driver/Src/stm32u5xx_hal.o
                0x2000014c                uwTick
 .bss.__sf      0x20000150      0x138 D:/STM32Cube/STM32CubeIDE_1.17.0/STM32CubeIDE/plugins/com.st.stm32cube.ide.mcu.externaltools.gnu-tools-for-stm32.12.3.rel1.win32_1.1.0.202410251130/tools/bin/../lib/gcc/arm-none-eabi/12.3.1/../../../../arm-none-eabi/lib/thumb/v8-m.main+fp/hard\libc_nano.a(libc_a-findfp.o)
                0x20000150                __sf
 .bss.__stdio_exit_handler
                0x20000288        0x4 D:/STM32Cube/STM32CubeIDE_1.17.0/STM32CubeIDE/plugins/com.st.stm32cube.ide.mcu.externaltools.gnu-tools-for-stm32.12.3.rel1.win32_1.1.0.202410251130/tools/bin/../lib/gcc/arm-none-eabi/12.3.1/../../../../arm-none-eabi/lib/thumb/v8-m.main+fp/hard\libc_nano.a(libc_a-findfp.o)
                0x20000288                __stdio_exit_handler
 .bss.errno     0x2000028c        0x4 D:/STM32Cube/STM32CubeIDE_1.17.0/STM32CubeIDE/plugins/com.st.stm32cube.ide.mcu.externaltools.gnu-tools-for-stm32.12.3.rel1.win32_1.1.0.202410251130/tools/bin/../lib/gcc/arm-none-eabi/12.3.1/../../../../arm-none-eabi/lib/thumb/v8-m.main+fp/hard\libc_nano.a(libc_a-reent.o)
                0x2000028c                errno
 .bss.__lock___malloc_recursive_mutex
                0x20000290        0x1 D:/STM32Cube/STM32CubeIDE_1.17.0/STM32CubeIDE/plugins/com.st.stm32cube.ide.mcu.externaltools.gnu-tools-for-stm32.12.3.rel1.win32_1.1.0.202410251130/tools/bin/../lib/gcc/arm-none-eabi/12.3.1/../../../../arm-none-eabi/lib/thumb/v8-m.main+fp/hard\libc_nano.a(libc_a-lock.o)
                0x20000290                __lock___malloc_recursive_mutex
 .bss.__lock___sfp_recursive_mutex
                0x20000291        0x1 D:/STM32Cube/STM32CubeIDE_1.17.0/STM32CubeIDE/plugins/com.st.stm32cube.ide.mcu.externaltools.gnu-tools-for-stm32.12.3.rel1.win32_1.1.0.202410251130/tools/bin/../lib/gcc/arm-none-eabi/12.3.1/../../../../arm-none-eabi/lib/thumb/v8-m.main+fp/hard\libc_nano.a(libc_a-lock.o)
                0x20000291                __lock___sfp_recursive_mutex
 *fill*         0x20000292        0x2 
 .bss.__malloc_sbrk_start
                0x20000294        0x4 D:/STM32Cube/STM32CubeIDE_1.17.0/STM32CubeIDE/plugins/com.st.stm32cube.ide.mcu.externaltools.gnu-tools-for-stm32.12.3.rel1.win32_1.1.0.202410251130/tools/bin/../lib/gcc/arm-none-eabi/12.3.1/../../../../arm-none-eabi/lib/thumb/v8-m.main+fp/hard\libc_nano.a(libc_a-mallocr.o)
                0x20000294                __malloc_sbrk_start
 .bss.__malloc_free_list
                0x20000298        0x4 D:/STM32Cube/STM32CubeIDE_1.17.0/STM32CubeIDE/plugins/com.st.stm32cube.ide.mcu.externaltools.gnu-tools-for-stm32.12.3.rel1.win32_1.1.0.202410251130/tools/bin/../lib/gcc/arm-none-eabi/12.3.1/../../../../arm-none-eabi/lib/thumb/v8-m.main+fp/hard\libc_nano.a(libc_a-mallocr.o)
                0x20000298                __malloc_free_list
 *(COMMON)
                0x2000029c                        _ebss = .
                0x2000029c                        __bss_end__ = _ebss

._user_heap_stack
                0x2000029c      0x604 load address 0x08007718
                0x200002a0                        . = ALIGN (0x8)
 *fill*         0x2000029c        0x4 
                [!provide]                        PROVIDE (end = .)
                0x200002a0                        PROVIDE (_end = .)
                0x200004a0                        . = (. + _Min_Heap_Size)
 *fill*         0x200002a0      0x200 
                0x200008a0                        . = (. + _Min_Stack_Size)
 *fill*         0x200004a0      0x400 
                0x200008a0                        . = ALIGN (0x8)

/DISCARD/
 libc.a(*)
 libm.a(*)
 libgcc.a(*)

.ARM.attributes
                0x00000000       0x36
 *(.ARM.attributes)
 .ARM.attributes
                0x00000000       0x26 D:/STM32Cube/STM32CubeIDE_1.17.0/STM32CubeIDE/plugins/com.st.stm32cube.ide.mcu.externaltools.gnu-tools-for-stm32.12.3.rel1.win32_1.1.0.202410251130/tools/bin/../lib/gcc/arm-none-eabi/12.3.1/thumb/v8-m.main+fp/hard/crti.o
 .ARM.attributes
                0x00000026       0x38 D:/STM32Cube/STM32CubeIDE_1.17.0/STM32CubeIDE/plugins/com.st.stm32cube.ide.mcu.externaltools.gnu-tools-for-stm32.12.3.rel1.win32_1.1.0.202410251130/tools/bin/../lib/gcc/arm-none-eabi/12.3.1/thumb/v8-m.main+fp/hard/crtbegin.o
 .ARM.attributes
                0x0000005e       0x3a ./Core/Src/main.o
 .ARM.attributes
                0x00000098       0x3a ./Core/Src/stm32u5xx_hal_msp.o
 .ARM.attributes
                0x000000d2       0x3a ./Core/Src/stm32u5xx_it.o
 .ARM.attributes
                0x0000010c       0x3a ./Core/Src/syscalls.o
 .ARM.attributes
                0x00000146       0x3a ./Core/Src/sysmem.o
 .ARM.attributes
                0x00000180       0x3a ./Core/Src/system_stm32u5xx.o
 .ARM.attributes
                0x000001ba       0x24 ./Core/Startup/startup_stm32u545retxq.o
 .ARM.attributes
                0x000001de       0x3a ./Drivers/STM32U5xx_HAL_Driver/Src/stm32u5xx_hal.o
 .ARM.attributes
                0x00000218       0x3a ./Drivers/STM32U5xx_HAL_Driver/Src/stm32u5xx_hal_cortex.o
 .ARM.attributes
                0x00000252       0x3a ./Drivers/STM32U5xx_HAL_Driver/Src/stm32u5xx_hal_gpio.o
 .ARM.attributes
                0x0000028c       0x3a ./Drivers/STM32U5xx_HAL_Driver/Src/stm32u5xx_hal_pwr.o
 .ARM.attributes
                0x000002c6       0x3a ./Drivers/STM32U5xx_HAL_Driver/Src/stm32u5xx_hal_pwr_ex.o
 .ARM.attributes
                0x00000300       0x3a ./Drivers/STM32U5xx_HAL_Driver/Src/stm32u5xx_hal_rcc.o
 .ARM.attributes
                0x0000033a       0x3a ./Drivers/STM32U5xx_HAL_Driver/Src/stm32u5xx_hal_rcc_ex.o
 .ARM.attributes
                0x00000374       0x3a ./Drivers/STM32U5xx_HAL_Driver/Src/stm32u5xx_hal_rtc.o
 .ARM.attributes
                0x000003ae       0x3a ./Drivers/STM32U5xx_HAL_Driver/Src/stm32u5xx_hal_rtc_ex.o
 .ARM.attributes
                0x000003e8       0x3a ./Drivers/STM32U5xx_HAL_Driver/Src/stm32u5xx_hal_uart.o
 .ARM.attributes
                0x00000422       0x3a ./Drivers/STM32U5xx_HAL_Driver/Src/stm32u5xx_hal_uart_ex.o
 .ARM.attributes
                0x0000045c       0x38 D:/STM32Cube/STM32CubeIDE_1.17.0/STM32CubeIDE/plugins/com.st.stm32cube.ide.mcu.externaltools.gnu-tools-for-stm32.12.3.rel1.win32_1.1.0.202410251130/tools/bin/../lib/gcc/arm-none-eabi/12.3.1/../../../../arm-none-eabi/lib/thumb/v8-m.main+fp/hard\libc_nano.a(libc_a-findfp.o)
 .ARM.attributes
                0x00000494       0x38 D:/STM32Cube/STM32CubeIDE_1.17.0/STM32CubeIDE/plugins/com.st.stm32cube.ide.mcu.externaltools.gnu-tools-for-stm32.12.3.rel1.win32_1.1.0.202410251130/tools/bin/../lib/gcc/arm-none-eabi/12.3.1/../../../../arm-none-eabi/lib/thumb/v8-m.main+fp/hard\libc_nano.a(libc_a-fwalk.o)
 .ARM.attributes
                0x000004cc       0x38 D:/STM32Cube/STM32CubeIDE_1.17.0/STM32CubeIDE/plugins/com.st.stm32cube.ide.mcu.externaltools.gnu-tools-for-stm32.12.3.rel1.win32_1.1.0.202410251130/tools/bin/../lib/gcc/arm-none-eabi/12.3.1/../../../../arm-none-eabi/lib/thumb/v8-m.main+fp/hard\libc_nano.a(libc_a-printf.o)
 .ARM.attributes
                0x00000504       0x38 D:/STM32Cube/STM32CubeIDE_1.17.0/STM32CubeIDE/plugins/com.st.stm32cube.ide.mcu.externaltools.gnu-tools-for-stm32.12.3.rel1.win32_1.1.0.202410251130/tools/bin/../lib/gcc/arm-none-eabi/12.3.1/../../../../arm-none-eabi/lib/thumb/v8-m.main+fp/hard\libc_nano.a(libc_a-stdio.o)
 .ARM.attributes
                0x0000053c       0x38 D:/STM32Cube/STM32CubeIDE_1.17.0/STM32CubeIDE/plugins/com.st.stm32cube.ide.mcu.externaltools.gnu-tools-for-stm32.12.3.rel1.win32_1.1.0.202410251130/tools/bin/../lib/gcc/arm-none-eabi/12.3.1/../../../../arm-none-eabi/lib/thumb/v8-m.main+fp/hard\libc_nano.a(libc_a-memset.o)
 .ARM.attributes
                0x00000574       0x38 D:/STM32Cube/STM32CubeIDE_1.17.0/STM32CubeIDE/plugins/com.st.stm32cube.ide.mcu.externaltools.gnu-tools-for-stm32.12.3.rel1.win32_1.1.0.202410251130/tools/bin/../lib/gcc/arm-none-eabi/12.3.1/../../../../arm-none-eabi/lib/thumb/v8-m.main+fp/hard\libc_nano.a(libc_a-closer.o)
 .ARM.attributes
                0x000005ac       0x38 D:/STM32Cube/STM32CubeIDE_1.17.0/STM32CubeIDE/plugins/com.st.stm32cube.ide.mcu.externaltools.gnu-tools-for-stm32.12.3.rel1.win32_1.1.0.202410251130/tools/bin/../lib/gcc/arm-none-eabi/12.3.1/../../../../arm-none-eabi/lib/thumb/v8-m.main+fp/hard\libc_nano.a(libc_a-reent.o)
 .ARM.attributes
                0x000005e4       0x38 D:/STM32Cube/STM32CubeIDE_1.17.0/STM32CubeIDE/plugins/com.st.stm32cube.ide.mcu.externaltools.gnu-tools-for-stm32.12.3.rel1.win32_1.1.0.202410251130/tools/bin/../lib/gcc/arm-none-eabi/12.3.1/../../../../arm-none-eabi/lib/thumb/v8-m.main+fp/hard\libc_nano.a(libc_a-impure.o)
 .ARM.attributes
                0x0000061c       0x38 D:/STM32Cube/STM32CubeIDE_1.17.0/STM32CubeIDE/plugins/com.st.stm32cube.ide.mcu.externaltools.gnu-tools-for-stm32.12.3.rel1.win32_1.1.0.202410251130/tools/bin/../lib/gcc/arm-none-eabi/12.3.1/../../../../arm-none-eabi/lib/thumb/v8-m.main+fp/hard\libc_nano.a(libc_a-lseekr.o)
 .ARM.attributes
                0x00000654       0x38 D:/STM32Cube/STM32CubeIDE_1.17.0/STM32CubeIDE/plugins/com.st.stm32cube.ide.mcu.externaltools.gnu-tools-for-stm32.12.3.rel1.win32_1.1.0.202410251130/tools/bin/../lib/gcc/arm-none-eabi/12.3.1/../../../../arm-none-eabi/lib/thumb/v8-m.main+fp/hard\libc_nano.a(libc_a-readr.o)
 .ARM.attributes
                0x0000068c       0x38 D:/STM32Cube/STM32CubeIDE_1.17.0/STM32CubeIDE/plugins/com.st.stm32cube.ide.mcu.externaltools.gnu-tools-for-stm32.12.3.rel1.win32_1.1.0.202410251130/tools/bin/../lib/gcc/arm-none-eabi/12.3.1/../../../../arm-none-eabi/lib/thumb/v8-m.main+fp/hard\libc_nano.a(libc_a-writer.o)
 .ARM.attributes
                0x000006c4       0x38 D:/STM32Cube/STM32CubeIDE_1.17.0/STM32CubeIDE/plugins/com.st.stm32cube.ide.mcu.externaltools.gnu-tools-for-stm32.12.3.rel1.win32_1.1.0.202410251130/tools/bin/../lib/gcc/arm-none-eabi/12.3.1/../../../../arm-none-eabi/lib/thumb/v8-m.main+fp/hard\libc_nano.a(libc_a-errno.o)
 .ARM.attributes
                0x000006fc       0x38 D:/STM32Cube/STM32CubeIDE_1.17.0/STM32CubeIDE/plugins/com.st.stm32cube.ide.mcu.externaltools.gnu-tools-for-stm32.12.3.rel1.win32_1.1.0.202410251130/tools/bin/../lib/gcc/arm-none-eabi/12.3.1/../../../../arm-none-eabi/lib/thumb/v8-m.main+fp/hard\libc_nano.a(libc_a-init.o)
 .ARM.attributes
                0x00000734       0x38 D:/STM32Cube/STM32CubeIDE_1.17.0/STM32CubeIDE/plugins/com.st.stm32cube.ide.mcu.externaltools.gnu-tools-for-stm32.12.3.rel1.win32_1.1.0.202410251130/tools/bin/../lib/gcc/arm-none-eabi/12.3.1/../../../../arm-none-eabi/lib/thumb/v8-m.main+fp/hard\libc_nano.a(libc_a-lock.o)
 .ARM.attributes
                0x0000076c       0x38 D:/STM32Cube/STM32CubeIDE_1.17.0/STM32CubeIDE/plugins/com.st.stm32cube.ide.mcu.externaltools.gnu-tools-for-stm32.12.3.rel1.win32_1.1.0.202410251130/tools/bin/../lib/gcc/arm-none-eabi/12.3.1/../../../../arm-none-eabi/lib/thumb/v8-m.main+fp/hard\libc_nano.a(libc_a-freer.o)
 .ARM.attributes
                0x000007a4       0x38 D:/STM32Cube/STM32CubeIDE_1.17.0/STM32CubeIDE/plugins/com.st.stm32cube.ide.mcu.externaltools.gnu-tools-for-stm32.12.3.rel1.win32_1.1.0.202410251130/tools/bin/../lib/gcc/arm-none-eabi/12.3.1/../../../../arm-none-eabi/lib/thumb/v8-m.main+fp/hard\libc_nano.a(libc_a-mallocr.o)
 .ARM.attributes
                0x000007dc       0x38 D:/STM32Cube/STM32CubeIDE_1.17.0/STM32CubeIDE/plugins/com.st.stm32cube.ide.mcu.externaltools.gnu-tools-for-stm32.12.3.rel1.win32_1.1.0.202410251130/tools/bin/../lib/gcc/arm-none-eabi/12.3.1/../../../../arm-none-eabi/lib/thumb/v8-m.main+fp/hard\libc_nano.a(libc_a-mlock.o)
 .ARM.attributes
                0x00000814       0x38 D:/STM32Cube/STM32CubeIDE_1.17.0/STM32CubeIDE/plugins/com.st.stm32cube.ide.mcu.externaltools.gnu-tools-for-stm32.12.3.rel1.win32_1.1.0.202410251130/tools/bin/../lib/gcc/arm-none-eabi/12.3.1/../../../../arm-none-eabi/lib/thumb/v8-m.main+fp/hard\libc_nano.a(libc_a-nano-vfprintf.o)
 .ARM.attributes
                0x0000084c       0x38 D:/STM32Cube/STM32CubeIDE_1.17.0/STM32CubeIDE/plugins/com.st.stm32cube.ide.mcu.externaltools.gnu-tools-for-stm32.12.3.rel1.win32_1.1.0.202410251130/tools/bin/../lib/gcc/arm-none-eabi/12.3.1/../../../../arm-none-eabi/lib/thumb/v8-m.main+fp/hard\libc_nano.a(libc_a-nano-vfprintf_i.o)
 .ARM.attributes
                0x00000884       0x38 D:/STM32Cube/STM32CubeIDE_1.17.0/STM32CubeIDE/plugins/com.st.stm32cube.ide.mcu.externaltools.gnu-tools-for-stm32.12.3.rel1.win32_1.1.0.202410251130/tools/bin/../lib/gcc/arm-none-eabi/12.3.1/../../../../arm-none-eabi/lib/thumb/v8-m.main+fp/hard\libc_nano.a(libc_a-fflush.o)
 .ARM.attributes
                0x000008bc       0x38 D:/STM32Cube/STM32CubeIDE_1.17.0/STM32CubeIDE/plugins/com.st.stm32cube.ide.mcu.externaltools.gnu-tools-for-stm32.12.3.rel1.win32_1.1.0.202410251130/tools/bin/../lib/gcc/arm-none-eabi/12.3.1/../../../../arm-none-eabi/lib/thumb/v8-m.main+fp/hard\libc_nano.a(libc_a-wbuf.o)
 .ARM.attributes
                0x000008f4       0x38 D:/STM32Cube/STM32CubeIDE_1.17.0/STM32CubeIDE/plugins/com.st.stm32cube.ide.mcu.externaltools.gnu-tools-for-stm32.12.3.rel1.win32_1.1.0.202410251130/tools/bin/../lib/gcc/arm-none-eabi/12.3.1/../../../../arm-none-eabi/lib/thumb/v8-m.main+fp/hard\libc_nano.a(libc_a-wsetup.o)
 .ARM.attributes
                0x0000092c       0x38 D:/STM32Cube/STM32CubeIDE_1.17.0/STM32CubeIDE/plugins/com.st.stm32cube.ide.mcu.externaltools.gnu-tools-for-stm32.12.3.rel1.win32_1.1.0.202410251130/tools/bin/../lib/gcc/arm-none-eabi/12.3.1/../../../../arm-none-eabi/lib/thumb/v8-m.main+fp/hard\libc_nano.a(libc_a-sbrkr.o)
 .ARM.attributes
                0x00000964       0x38 D:/STM32Cube/STM32CubeIDE_1.17.0/STM32CubeIDE/plugins/com.st.stm32cube.ide.mcu.externaltools.gnu-tools-for-stm32.12.3.rel1.win32_1.1.0.202410251130/tools/bin/../lib/gcc/arm-none-eabi/12.3.1/../../../../arm-none-eabi/lib/thumb/v8-m.main+fp/hard\libc_nano.a(libc_a-memchr-stub.o)
 .ARM.attributes
                0x0000099c       0x38 D:/STM32Cube/STM32CubeIDE_1.17.0/STM32CubeIDE/plugins/com.st.stm32cube.ide.mcu.externaltools.gnu-tools-for-stm32.12.3.rel1.win32_1.1.0.202410251130/tools/bin/../lib/gcc/arm-none-eabi/12.3.1/../../../../arm-none-eabi/lib/thumb/v8-m.main+fp/hard\libc_nano.a(libc_a-makebuf.o)
 .ARM.attributes
                0x000009d4       0x38 D:/STM32Cube/STM32CubeIDE_1.17.0/STM32CubeIDE/plugins/com.st.stm32cube.ide.mcu.externaltools.gnu-tools-for-stm32.12.3.rel1.win32_1.1.0.202410251130/tools/bin/../lib/gcc/arm-none-eabi/12.3.1/../../../../arm-none-eabi/lib/thumb/v8-m.main+fp/hard\libc_nano.a(libc_a-fstatr.o)
 .ARM.attributes
                0x00000a0c       0x38 D:/STM32Cube/STM32CubeIDE_1.17.0/STM32CubeIDE/plugins/com.st.stm32cube.ide.mcu.externaltools.gnu-tools-for-stm32.12.3.rel1.win32_1.1.0.202410251130/tools/bin/../lib/gcc/arm-none-eabi/12.3.1/../../../../arm-none-eabi/lib/thumb/v8-m.main+fp/hard\libc_nano.a(libc_a-isattyr.o)
 .ARM.attributes
                0x00000a44       0x26 D:/STM32Cube/STM32CubeIDE_1.17.0/STM32CubeIDE/plugins/com.st.stm32cube.ide.mcu.externaltools.gnu-tools-for-stm32.12.3.rel1.win32_1.1.0.202410251130/tools/bin/../lib/gcc/arm-none-eabi/12.3.1/thumb/v8-m.main+fp/hard\libgcc.a(_aeabi_uldivmod.o)
 .ARM.attributes
                0x00000a6a       0x38 D:/STM32Cube/STM32CubeIDE_1.17.0/STM32CubeIDE/plugins/com.st.stm32cube.ide.mcu.externaltools.gnu-tools-for-stm32.12.3.rel1.win32_1.1.0.202410251130/tools/bin/../lib/gcc/arm-none-eabi/12.3.1/thumb/v8-m.main+fp/hard\libgcc.a(_udivmoddi4.o)
 .ARM.attributes
                0x00000aa2       0x26 D:/STM32Cube/STM32CubeIDE_1.17.0/STM32CubeIDE/plugins/com.st.stm32cube.ide.mcu.externaltools.gnu-tools-for-stm32.12.3.rel1.win32_1.1.0.202410251130/tools/bin/../lib/gcc/arm-none-eabi/12.3.1/thumb/v8-m.main+fp/hard\libgcc.a(_dvmd_tls.o)
 .ARM.attributes
                0x00000ac8       0x26 D:/STM32Cube/STM32CubeIDE_1.17.0/STM32CubeIDE/plugins/com.st.stm32cube.ide.mcu.externaltools.gnu-tools-for-stm32.12.3.rel1.win32_1.1.0.202410251130/tools/bin/../lib/gcc/arm-none-eabi/12.3.1/thumb/v8-m.main+fp/hard/crtn.o
OUTPUT(W2.elf elf32-littlearm)
LOAD linker stubs
LOAD D:/STM32Cube/STM32CubeIDE_1.17.0/STM32CubeIDE/plugins/com.st.stm32cube.ide.mcu.externaltools.gnu-tools-for-stm32.12.3.rel1.win32_1.1.0.202410251130/tools/bin/../lib/gcc/arm-none-eabi/12.3.1/../../../../arm-none-eabi/lib/thumb/v8-m.main+fp/hard\libc.a
LOAD D:/STM32Cube/STM32CubeIDE_1.17.0/STM32CubeIDE/plugins/com.st.stm32cube.ide.mcu.externaltools.gnu-tools-for-stm32.12.3.rel1.win32_1.1.0.202410251130/tools/bin/../lib/gcc/arm-none-eabi/12.3.1/../../../../arm-none-eabi/lib/thumb/v8-m.main+fp/hard\libm.a
LOAD D:/STM32Cube/STM32CubeIDE_1.17.0/STM32CubeIDE/plugins/com.st.stm32cube.ide.mcu.externaltools.gnu-tools-for-stm32.12.3.rel1.win32_1.1.0.202410251130/tools/bin/../lib/gcc/arm-none-eabi/12.3.1/thumb/v8-m.main+fp/hard\libgcc.a

.debug_info     0x00000000    0x12b7a
 .debug_info    0x00000000     0x15e6 ./Core/Src/main.o
 .debug_info    0x000015e6     0x14b5 ./Core/Src/stm32u5xx_hal_msp.o
 .debug_info    0x00002a9b      0x128 ./Core/Src/stm32u5xx_it.o
 .debug_info    0x00002bc3      0x6a3 ./Core/Src/syscalls.o
 .debug_info    0x00003266      0x168 ./Core/Src/sysmem.o
 .debug_info    0x000033ce      0x929 ./Core/Src/system_stm32u5xx.o
 .debug_info    0x00003cf7       0x30 ./Core/Startup/startup_stm32u545retxq.o
 .debug_info    0x00003d27     0x110d ./Drivers/STM32U5xx_HAL_Driver/Src/stm32u5xx_hal.o
 .debug_info    0x00004e34     0x1610 ./Drivers/STM32U5xx_HAL_Driver/Src/stm32u5xx_hal_cortex.o
 .debug_info    0x00006444      0x859 ./Drivers/STM32U5xx_HAL_Driver/Src/stm32u5xx_hal_gpio.o
 .debug_info    0x00006c9d      0xa44 ./Drivers/STM32U5xx_HAL_Driver/Src/stm32u5xx_hal_pwr.o
 .debug_info    0x000076e1      0xddc ./Drivers/STM32U5xx_HAL_Driver/Src/stm32u5xx_hal_pwr_ex.o
 .debug_info    0x000084bd     0x114d ./Drivers/STM32U5xx_HAL_Driver/Src/stm32u5xx_hal_rcc.o
 .debug_info    0x0000960a     0x1569 ./Drivers/STM32U5xx_HAL_Driver/Src/stm32u5xx_hal_rcc_ex.o
 .debug_info    0x0000ab73      0xe18 ./Drivers/STM32U5xx_HAL_Driver/Src/stm32u5xx_hal_rtc.o
 .debug_info    0x0000b98b     0x1a91 ./Drivers/STM32U5xx_HAL_Driver/Src/stm32u5xx_hal_rtc_ex.o
 .debug_info    0x0000d41c     0x456e ./Drivers/STM32U5xx_HAL_Driver/Src/stm32u5xx_hal_uart.o
 .debug_info    0x0001198a     0x11f0 ./Drivers/STM32U5xx_HAL_Driver/Src/stm32u5xx_hal_uart_ex.o

.debug_abbrev   0x00000000     0x24ba
 .debug_abbrev  0x00000000      0x2e8 ./Core/Src/main.o
 .debug_abbrev  0x000002e8      0x210 ./Core/Src/stm32u5xx_hal_msp.o
 .debug_abbrev  0x000004f8       0x73 ./Core/Src/stm32u5xx_it.o
 .debug_abbrev  0x0000056b      0x1b6 ./Core/Src/syscalls.o
 .debug_abbrev  0x00000721       0xbc ./Core/Src/sysmem.o
 .debug_abbrev  0x000007dd      0x129 ./Core/Src/system_stm32u5xx.o
 .debug_abbrev  0x00000906       0x24 ./Core/Startup/startup_stm32u545retxq.o
 .debug_abbrev  0x0000092a      0x2a3 ./Drivers/STM32U5xx_HAL_Driver/Src/stm32u5xx_hal.o
 .debug_abbrev  0x00000bcd      0x311 ./Drivers/STM32U5xx_HAL_Driver/Src/stm32u5xx_hal_cortex.o
 .debug_abbrev  0x00000ede      0x25a ./Drivers/STM32U5xx_HAL_Driver/Src/stm32u5xx_hal_gpio.o
 .debug_abbrev  0x00001138      0x235 ./Drivers/STM32U5xx_HAL_Driver/Src/stm32u5xx_hal_pwr.o
 .debug_abbrev  0x0000136d      0x215 ./Drivers/STM32U5xx_HAL_Driver/Src/stm32u5xx_hal_pwr_ex.o
 .debug_abbrev  0x00001582      0x2c9 ./Drivers/STM32U5xx_HAL_Driver/Src/stm32u5xx_hal_rcc.o
 .debug_abbrev  0x0000184b      0x23d ./Drivers/STM32U5xx_HAL_Driver/Src/stm32u5xx_hal_rcc_ex.o
 .debug_abbrev  0x00001a88      0x206 ./Drivers/STM32U5xx_HAL_Driver/Src/stm32u5xx_hal_rtc.o
 .debug_abbrev  0x00001c8e      0x253 ./Drivers/STM32U5xx_HAL_Driver/Src/stm32u5xx_hal_rtc_ex.o
 .debug_abbrev  0x00001ee1      0x305 ./Drivers/STM32U5xx_HAL_Driver/Src/stm32u5xx_hal_uart.o
 .debug_abbrev  0x000021e6      0x2d4 ./Drivers/STM32U5xx_HAL_Driver/Src/stm32u5xx_hal_uart_ex.o

.debug_aranges  0x00000000     0x1010
 .debug_aranges
                0x00000000       0x58 ./Core/Src/main.o
 .debug_aranges
                0x00000058       0x40 ./Core/Src/stm32u5xx_hal_msp.o
 .debug_aranges
                0x00000098       0x60 ./Core/Src/stm32u5xx_it.o
 .debug_aranges
                0x000000f8       0xa8 ./Core/Src/syscalls.o
 .debug_aranges
                0x000001a0       0x20 ./Core/Src/sysmem.o
 .debug_aranges
                0x000001c0       0x28 ./Core/Src/system_stm32u5xx.o
 .debug_aranges
                0x000001e8       0x28 ./Core/Startup/startup_stm32u545retxq.o
 .debug_aranges
                0x00000210      0x148 ./Drivers/STM32U5xx_HAL_Driver/Src/stm32u5xx_hal.o
 .debug_aranges
                0x00000358      0x140 ./Drivers/STM32U5xx_HAL_Driver/Src/stm32u5xx_hal_cortex.o
 .debug_aranges
                0x00000498       0x78 ./Drivers/STM32U5xx_HAL_Driver/Src/stm32u5xx_hal_gpio.o
 .debug_aranges
                0x00000510       0xb0 ./Drivers/STM32U5xx_HAL_Driver/Src/stm32u5xx_hal_pwr.o
 .debug_aranges
                0x000005c0      0x1e0 ./Drivers/STM32U5xx_HAL_Driver/Src/stm32u5xx_hal_pwr_ex.o
 .debug_aranges
                0x000007a0       0xa8 ./Drivers/STM32U5xx_HAL_Driver/Src/stm32u5xx_hal_rcc.o
 .debug_aranges
                0x00000848      0x160 ./Drivers/STM32U5xx_HAL_Driver/Src/stm32u5xx_hal_rcc_ex.o
 .debug_aranges
                0x000009a8       0xe8 ./Drivers/STM32U5xx_HAL_Driver/Src/stm32u5xx_hal_rtc.o
 .debug_aranges
                0x00000a90      0x280 ./Drivers/STM32U5xx_HAL_Driver/Src/stm32u5xx_hal_rtc_ex.o
 .debug_aranges
                0x00000d10      0x248 ./Drivers/STM32U5xx_HAL_Driver/Src/stm32u5xx_hal_uart.o
 .debug_aranges
                0x00000f58       0xb8 ./Drivers/STM32U5xx_HAL_Driver/Src/stm32u5xx_hal_uart_ex.o

.debug_rnglists
                0x00000000      0xc4d
 .debug_rnglists
                0x00000000       0x41 ./Core/Src/main.o
 .debug_rnglists
                0x00000041       0x2d ./Core/Src/stm32u5xx_hal_msp.o
 .debug_rnglists
                0x0000006e       0x43 ./Core/Src/stm32u5xx_it.o
 .debug_rnglists
                0x000000b1       0x79 ./Core/Src/syscalls.o
 .debug_rnglists
                0x0000012a       0x13 ./Core/Src/sysmem.o
 .debug_rnglists
                0x0000013d       0x1a ./Core/Src/system_stm32u5xx.o
 .debug_rnglists
                0x00000157       0x19 ./Core/Startup/startup_stm32u545retxq.o
 .debug_rnglists
                0x00000170       0xf3 ./Drivers/STM32U5xx_HAL_Driver/Src/stm32u5xx_hal.o
 .debug_rnglists
                0x00000263       0xec ./Drivers/STM32U5xx_HAL_Driver/Src/stm32u5xx_hal_cortex.o
 .debug_rnglists
                0x0000034f       0x5a ./Drivers/STM32U5xx_HAL_Driver/Src/stm32u5xx_hal_gpio.o
 .debug_rnglists
                0x000003a9       0x80 ./Drivers/STM32U5xx_HAL_Driver/Src/stm32u5xx_hal_pwr.o
 .debug_rnglists
                0x00000429      0x16e ./Drivers/STM32U5xx_HAL_Driver/Src/stm32u5xx_hal_pwr_ex.o
 .debug_rnglists
                0x00000597       0x7f ./Drivers/STM32U5xx_HAL_Driver/Src/stm32u5xx_hal_rcc.o
 .debug_rnglists
                0x00000616      0x113 ./Drivers/STM32U5xx_HAL_Driver/Src/stm32u5xx_hal_rcc_ex.o
 .debug_rnglists
                0x00000729       0xb3 ./Drivers/STM32U5xx_HAL_Driver/Src/stm32u5xx_hal_rtc.o
 .debug_rnglists
                0x000007dc      0x1e9 ./Drivers/STM32U5xx_HAL_Driver/Src/stm32u5xx_hal_rtc_ex.o
 .debug_rnglists
                0x000009c5      0x1fc ./Drivers/STM32U5xx_HAL_Driver/Src/stm32u5xx_hal_uart.o
 .debug_rnglists
                0x00000bc1       0x8c ./Drivers/STM32U5xx_HAL_Driver/Src/stm32u5xx_hal_uart_ex.o

.debug_macro    0x00000000    0x2e966
 .debug_macro   0x00000000      0x27d ./Core/Src/main.o
 .debug_macro   0x0000027d      0xaba ./Core/Src/main.o
 .debug_macro   0x00000d37      0x1fb ./Core/Src/main.o
 .debug_macro   0x00000f32       0x2e ./Core/Src/main.o
 .debug_macro   0x00000f60       0x42 ./Core/Src/main.o
 .debug_macro   0x00000fa2       0x22 ./Core/Src/main.o
 .debug_macro   0x00000fc4       0x8e ./Core/Src/main.o
 .debug_macro   0x00001052       0x51 ./Core/Src/main.o
 .debug_macro   0x000010a3      0x103 ./Core/Src/main.o
 .debug_macro   0x000011a6       0x6a ./Core/Src/main.o
 .debug_macro   0x00001210      0x1df ./Core/Src/main.o
 .debug_macro   0x000013ef       0x1c ./Core/Src/main.o
 .debug_macro   0x0000140b       0x29 ./Core/Src/main.o
 .debug_macro   0x00001434       0xfb ./Core/Src/main.o
 .debug_macro   0x0000152f     0x1685 ./Core/Src/main.o
 .debug_macro   0x00002bb4       0x5e ./Core/Src/main.o
 .debug_macro   0x00002c12    0x1e72c ./Core/Src/main.o
 .debug_macro   0x0002133e       0x6d ./Core/Src/main.o
 .debug_macro   0x000213ab     0x393e ./Core/Src/main.o
 .debug_macro   0x00024ce9      0x189 ./Core/Src/main.o
 .debug_macro   0x00024e72       0x61 ./Core/Src/main.o
 .debug_macro   0x00024ed3       0x2a ./Core/Src/main.o
 .debug_macro   0x00024efd       0x43 ./Core/Src/main.o
 .debug_macro   0x00024f40       0x34 ./Core/Src/main.o
 .debug_macro   0x00024f74       0x16 ./Core/Src/main.o
 .debug_macro   0x00024f8a       0x43 ./Core/Src/main.o
 .debug_macro   0x00024fcd       0x34 ./Core/Src/main.o
 .debug_macro   0x00025001       0x10 ./Core/Src/main.o
 .debug_macro   0x00025011       0x58 ./Core/Src/main.o
 .debug_macro   0x00025069       0x8e ./Core/Src/main.o
 .debug_macro   0x000250f7       0x1c ./Core/Src/main.o
 .debug_macro   0x00025113      0x177 ./Core/Src/main.o
 .debug_macro   0x0002528a      0x369 ./Core/Src/main.o
 .debug_macro   0x000255f3      0x19b ./Core/Src/main.o
 .debug_macro   0x0002578e       0x5d ./Core/Src/main.o
 .debug_macro   0x000257eb     0x1933 ./Core/Src/main.o
 .debug_macro   0x0002711e      0x796 ./Core/Src/main.o
 .debug_macro   0x000278b4      0x166 ./Core/Src/main.o
 .debug_macro   0x00027a1a      0x250 ./Core/Src/main.o
 .debug_macro   0x00027c6a      0x574 ./Core/Src/main.o
 .debug_macro   0x000281de      0x440 ./Core/Src/main.o
 .debug_macro   0x0002861e       0xd6 ./Core/Src/main.o
 .debug_macro   0x000286f4      0x1cd ./Core/Src/main.o
 .debug_macro   0x000288c1      0x42b ./Core/Src/main.o
 .debug_macro   0x00028cec       0x95 ./Core/Src/main.o
 .debug_macro   0x00028d81      0x11c ./Core/Src/main.o
 .debug_macro   0x00028e9d      0x525 ./Core/Src/main.o
 .debug_macro   0x000293c2      0x448 ./Core/Src/main.o
 .debug_macro   0x0002980a      0x328 ./Core/Src/main.o
 .debug_macro   0x00029b32      0x916 ./Core/Src/main.o
 .debug_macro   0x0002a448       0xe4 ./Core/Src/main.o
 .debug_macro   0x0002a52c      0x677 ./Core/Src/main.o
 .debug_macro   0x0002aba3      0x1a1 ./Core/Src/main.o
 .debug_macro   0x0002ad44      0x1b8 ./Core/Src/main.o
 .debug_macro   0x0002aefc      0x361 ./Core/Src/main.o
 .debug_macro   0x0002b25d      0x27d ./Core/Src/stm32u5xx_hal_msp.o
 .debug_macro   0x0002b4da      0x287 ./Core/Src/stm32u5xx_it.o
 .debug_macro   0x0002b761      0x274 ./Core/Src/syscalls.o
 .debug_macro   0x0002b9d5       0x5b ./Core/Src/syscalls.o
 .debug_macro   0x0002ba30       0x94 ./Core/Src/syscalls.o
 .debug_macro   0x0002bac4       0x57 ./Core/Src/syscalls.o
 .debug_macro   0x0002bb1b       0x10 ./Core/Src/syscalls.o
 .debug_macro   0x0002bb2b       0x35 ./Core/Src/syscalls.o
 .debug_macro   0x0002bb60       0x10 ./Core/Src/syscalls.o
 .debug_macro   0x0002bb70       0x10 ./Core/Src/syscalls.o
 .debug_macro   0x0002bb80       0x10 ./Core/Src/syscalls.o
 .debug_macro   0x0002bb90       0x1c ./Core/Src/syscalls.o
 .debug_macro   0x0002bbac       0x52 ./Core/Src/syscalls.o
 .debug_macro   0x0002bbfe       0x22 ./Core/Src/syscalls.o
 .debug_macro   0x0002bc20       0x10 ./Core/Src/syscalls.o
 .debug_macro   0x0002bc30       0x52 ./Core/Src/syscalls.o
 .debug_macro   0x0002bc82       0xcf ./Core/Src/syscalls.o
 .debug_macro   0x0002bd51       0x1c ./Core/Src/syscalls.o
 .debug_macro   0x0002bd6d       0x3d ./Core/Src/syscalls.o
 .debug_macro   0x0002bdaa       0x35 ./Core/Src/syscalls.o
 .debug_macro   0x0002bddf      0x12c ./Core/Src/syscalls.o
 .debug_macro   0x0002bf0b       0x16 ./Core/Src/syscalls.o
 .debug_macro   0x0002bf21       0x16 ./Core/Src/syscalls.o
 .debug_macro   0x0002bf37       0x29 ./Core/Src/syscalls.o
 .debug_macro   0x0002bf60       0x10 ./Core/Src/syscalls.o
 .debug_macro   0x0002bf70      0x242 ./Core/Src/syscalls.o
 .debug_macro   0x0002c1b2       0x1c ./Core/Src/syscalls.o
 .debug_macro   0x0002c1ce       0x10 ./Core/Src/syscalls.o
 .debug_macro   0x0002c1de       0x10 ./Core/Src/syscalls.o
 .debug_macro   0x0002c1ee       0x16 ./Core/Src/syscalls.o
 .debug_macro   0x0002c204      0x146 ./Core/Src/syscalls.o
 .debug_macro   0x0002c34a      0x18a ./Core/Src/syscalls.o
 .debug_macro   0x0002c4d4       0x16 ./Core/Src/syscalls.o
 .debug_macro   0x0002c4ea       0xce ./Core/Src/syscalls.o
 .debug_macro   0x0002c5b8       0xff ./Core/Src/sysmem.o
 .debug_macro   0x0002c6b7      0x23c ./Core/Src/sysmem.o
 .debug_macro   0x0002c8f3      0x27a ./Core/Src/system_stm32u5xx.o
 .debug_macro   0x0002cb6d      0x297 ./Drivers/STM32U5xx_HAL_Driver/Src/stm32u5xx_hal.o
 .debug_macro   0x0002ce04      0x273 ./Drivers/STM32U5xx_HAL_Driver/Src/stm32u5xx_hal_cortex.o
 .debug_macro   0x0002d077      0x2a8 ./Drivers/STM32U5xx_HAL_Driver/Src/stm32u5xx_hal_gpio.o
 .debug_macro   0x0002d31f      0x28f ./Drivers/STM32U5xx_HAL_Driver/Src/stm32u5xx_hal_pwr.o
 .debug_macro   0x0002d5ae      0x29e ./Drivers/STM32U5xx_HAL_Driver/Src/stm32u5xx_hal_pwr_ex.o
 .debug_macro   0x0002d84c      0x379 ./Drivers/STM32U5xx_HAL_Driver/Src/stm32u5xx_hal_rcc.o
 .debug_macro   0x0002dbc5      0x397 ./Drivers/STM32U5xx_HAL_Driver/Src/stm32u5xx_hal_rcc_ex.o
 .debug_macro   0x0002df5c      0x274 ./Drivers/STM32U5xx_HAL_Driver/Src/stm32u5xx_hal_rtc.o
 .debug_macro   0x0002e1d0      0x279 ./Drivers/STM32U5xx_HAL_Driver/Src/stm32u5xx_hal_rtc_ex.o
 .debug_macro   0x0002e449      0x29e ./Drivers/STM32U5xx_HAL_Driver/Src/stm32u5xx_hal_uart.o
 .debug_macro   0x0002e6e7      0x27f ./Drivers/STM32U5xx_HAL_Driver/Src/stm32u5xx_hal_uart_ex.o

.debug_line     0x00000000    0x13aeb
 .debug_line    0x00000000      0xb9d ./Core/Src/main.o
 .debug_line    0x00000b9d      0xa03 ./Core/Src/stm32u5xx_hal_msp.o
 .debug_line    0x000015a0      0xa18 ./Core/Src/stm32u5xx_it.o
 .debug_line    0x00001fb8      0x983 ./Core/Src/syscalls.o
 .debug_line    0x0000293b      0x654 ./Core/Src/sysmem.o
 .debug_line    0x00002f8f      0xa57 ./Core/Src/system_stm32u5xx.o
 .debug_line    0x000039e6       0x7b ./Core/Startup/startup_stm32u545retxq.o
 .debug_line    0x00003a61      0xdd4 ./Drivers/STM32U5xx_HAL_Driver/Src/stm32u5xx_hal.o
 .debug_line    0x00004835      0xfc6 ./Drivers/STM32U5xx_HAL_Driver/Src/stm32u5xx_hal_cortex.o
 .debug_line    0x000057fb      0xee5 ./Drivers/STM32U5xx_HAL_Driver/Src/stm32u5xx_hal_gpio.o
 .debug_line    0x000066e0      0xbef ./Drivers/STM32U5xx_HAL_Driver/Src/stm32u5xx_hal_pwr.o
 .debug_line    0x000072cf     0x124d ./Drivers/STM32U5xx_HAL_Driver/Src/stm32u5xx_hal_pwr_ex.o
 .debug_line    0x0000851c     0x1681 ./Drivers/STM32U5xx_HAL_Driver/Src/stm32u5xx_hal_rcc.o
 .debug_line    0x00009b9d     0x238d ./Drivers/STM32U5xx_HAL_Driver/Src/stm32u5xx_hal_rcc_ex.o
 .debug_line    0x0000bf2a     0x11d0 ./Drivers/STM32U5xx_HAL_Driver/Src/stm32u5xx_hal_rtc.o
 .debug_line    0x0000d0fa     0x1b2e ./Drivers/STM32U5xx_HAL_Driver/Src/stm32u5xx_hal_rtc_ex.o
 .debug_line    0x0000ec28     0x3df5 ./Drivers/STM32U5xx_HAL_Driver/Src/stm32u5xx_hal_uart.o
 .debug_line    0x00012a1d     0x10ce ./Drivers/STM32U5xx_HAL_Driver/Src/stm32u5xx_hal_uart_ex.o

.debug_str      0x00000000   0x122c4b
 .debug_str     0x00000000   0x118bdc ./Core/Src/main.o
                             0x1197d3 (size before relaxing)
 .debug_str     0x00118bdc      0x41e ./Core/Src/stm32u5xx_hal_msp.o
                             0x119710 (size before relaxing)
 .debug_str     0x00118ffa       0xc9 ./Core/Src/stm32u5xx_it.o
                             0x11895e (size before relaxing)
 .debug_str     0x001190c3     0x26dc ./Core/Src/syscalls.o
                               0x98bb (size before relaxing)
 .debug_str     0x0011b79f       0x6b ./Core/Src/sysmem.o
                               0x60d3 (size before relaxing)
 .debug_str     0x0011b80a      0x1c4 ./Core/Src/system_stm32u5xx.o
                             0x118cb4 (size before relaxing)
 .debug_str     0x0011b9ce       0x45 ./Core/Startup/startup_stm32u545retxq.o
                                 0x65 (size before relaxing)
 .debug_str     0x0011ba13      0xd40 ./Drivers/STM32U5xx_HAL_Driver/Src/stm32u5xx_hal.o
                             0x119a42 (size before relaxing)
 .debug_str     0x0011c753      0x409 ./Drivers/STM32U5xx_HAL_Driver/Src/stm32u5xx_hal_cortex.o
                             0x119894 (size before relaxing)
 .debug_str     0x0011cb5c      0x327 ./Drivers/STM32U5xx_HAL_Driver/Src/stm32u5xx_hal_gpio.o
                             0x118cd9 (size before relaxing)
 .debug_str     0x0011ce83      0x338 ./Drivers/STM32U5xx_HAL_Driver/Src/stm32u5xx_hal_pwr.o
                             0x118e2a (size before relaxing)
 .debug_str     0x0011d1bb      0x6a8 ./Drivers/STM32U5xx_HAL_Driver/Src/stm32u5xx_hal_pwr_ex.o
                             0x119354 (size before relaxing)
 .debug_str     0x0011d863     0x12ea ./Drivers/STM32U5xx_HAL_Driver/Src/stm32u5xx_hal_rcc.o
                             0x11a319 (size before relaxing)
 .debug_str     0x0011eb4d     0x23f8 ./Drivers/STM32U5xx_HAL_Driver/Src/stm32u5xx_hal_rcc_ex.o
                             0x11b487 (size before relaxing)
 .debug_str     0x00120f45      0x3b8 ./Drivers/STM32U5xx_HAL_Driver/Src/stm32u5xx_hal_rtc.o
                             0x118feb (size before relaxing)
 .debug_str     0x001212fd      0xc83 ./Drivers/STM32U5xx_HAL_Driver/Src/stm32u5xx_hal_rtc_ex.o
                             0x119ac9 (size before relaxing)
 .debug_str     0x00121f80      0x98e ./Drivers/STM32U5xx_HAL_Driver/Src/stm32u5xx_hal_uart.o
                             0x11997b (size before relaxing)
 .debug_str     0x0012290e      0x33d ./Drivers/STM32U5xx_HAL_Driver/Src/stm32u5xx_hal_uart_ex.o
                             0x11942d (size before relaxing)

.comment        0x00000000       0x43
 .comment       0x00000000       0x43 ./Core/Src/main.o
                                 0x44 (size before relaxing)
 .comment       0x00000043       0x44 ./Core/Src/stm32u5xx_hal_msp.o
 .comment       0x00000043       0x44 ./Core/Src/stm32u5xx_it.o
 .comment       0x00000043       0x44 ./Core/Src/syscalls.o
 .comment       0x00000043       0x44 ./Core/Src/sysmem.o
 .comment       0x00000043       0x44 ./Core/Src/system_stm32u5xx.o
 .comment       0x00000043       0x44 ./Drivers/STM32U5xx_HAL_Driver/Src/stm32u5xx_hal.o
 .comment       0x00000043       0x44 ./Drivers/STM32U5xx_HAL_Driver/Src/stm32u5xx_hal_cortex.o
 .comment       0x00000043       0x44 ./Drivers/STM32U5xx_HAL_Driver/Src/stm32u5xx_hal_gpio.o
 .comment       0x00000043       0x44 ./Drivers/STM32U5xx_HAL_Driver/Src/stm32u5xx_hal_pwr.o
 .comment       0x00000043       0x44 ./Drivers/STM32U5xx_HAL_Driver/Src/stm32u5xx_hal_pwr_ex.o
 .comment       0x00000043       0x44 ./Drivers/STM32U5xx_HAL_Driver/Src/stm32u5xx_hal_rcc.o
 .comment       0x00000043       0x44 ./Drivers/STM32U5xx_HAL_Driver/Src/stm32u5xx_hal_rcc_ex.o
 .comment       0x00000043       0x44 ./Drivers/STM32U5xx_HAL_Driver/Src/stm32u5xx_hal_rtc.o
 .comment       0x00000043       0x44 ./Drivers/STM32U5xx_HAL_Driver/Src/stm32u5xx_hal_rtc_ex.o
 .comment       0x00000043       0x44 ./Drivers/STM32U5xx_HAL_Driver/Src/stm32u5xx_hal_uart.o
 .comment       0x00000043       0x44 ./Drivers/STM32U5xx_HAL_Driver/Src/stm32u5xx_hal_uart_ex.o

.debug_frame    0x00000000     0x4b24
 .debug_frame   0x00000000      0x118 ./Core/Src/main.o
 .debug_frame   0x00000118       0xd4 ./Core/Src/stm32u5xx_hal_msp.o
 .debug_frame   0x000001ec      0x104 ./Core/Src/stm32u5xx_it.o
 .debug_frame   0x000002f0      0x2ac ./Core/Src/syscalls.o
 .debug_frame   0x0000059c       0x34 ./Core/Src/sysmem.o
 .debug_frame   0x000005d0       0x58 ./Core/Src/system_stm32u5xx.o
 .debug_frame   0x00000628      0x500 ./Drivers/STM32U5xx_HAL_Driver/Src/stm32u5xx_hal.o
 .debug_frame   0x00000b28      0x560 ./Drivers/STM32U5xx_HAL_Driver/Src/stm32u5xx_hal_cortex.o
 .debug_frame   0x00001088      0x1ec ./Drivers/STM32U5xx_HAL_Driver/Src/stm32u5xx_hal_gpio.o
 .debug_frame   0x00001274      0x2ac ./Drivers/STM32U5xx_HAL_Driver/Src/stm32u5xx_hal_pwr.o
 .debug_frame   0x00001520      0x7cc ./Drivers/STM32U5xx_HAL_Driver/Src/stm32u5xx_hal_pwr_ex.o
 .debug_frame   0x00001cec      0x288 ./Drivers/STM32U5xx_HAL_Driver/Src/stm32u5xx_hal_rcc.o
 .debug_frame   0x00001f74      0x5f4 ./Drivers/STM32U5xx_HAL_Driver/Src/stm32u5xx_hal_rcc_ex.o
 .debug_frame   0x00002568      0x3f8 ./Drivers/STM32U5xx_HAL_Driver/Src/stm32u5xx_hal_rtc.o
 .debug_frame   0x00002960      0xbc8 ./Drivers/STM32U5xx_HAL_Driver/Src/stm32u5xx_hal_rtc_ex.o
 .debug_frame   0x00003528      0xa8c ./Drivers/STM32U5xx_HAL_Driver/Src/stm32u5xx_hal_uart.o
 .debug_frame   0x00003fb4      0x310 ./Drivers/STM32U5xx_HAL_Driver/Src/stm32u5xx_hal_uart_ex.o
 .debug_frame   0x000042c4      0x144 D:/STM32Cube/STM32CubeIDE_1.17.0/STM32CubeIDE/plugins/com.st.stm32cube.ide.mcu.externaltools.gnu-tools-for-stm32.12.3.rel1.win32_1.1.0.202410251130/tools/bin/../lib/gcc/arm-none-eabi/12.3.1/../../../../arm-none-eabi/lib/thumb/v8-m.main+fp/hard\libc_nano.a(libc_a-findfp.o)
 .debug_frame   0x00004408       0x34 D:/STM32Cube/STM32CubeIDE_1.17.0/STM32CubeIDE/plugins/com.st.stm32cube.ide.mcu.externaltools.gnu-tools-for-stm32.12.3.rel1.win32_1.1.0.202410251130/tools/bin/../lib/gcc/arm-none-eabi/12.3.1/../../../../arm-none-eabi/lib/thumb/v8-m.main+fp/hard\libc_nano.a(libc_a-fwalk.o)
 .debug_frame   0x0000443c       0x6c D:/STM32Cube/STM32CubeIDE_1.17.0/STM32CubeIDE/plugins/com.st.stm32cube.ide.mcu.externaltools.gnu-tools-for-stm32.12.3.rel1.win32_1.1.0.202410251130/tools/bin/../lib/gcc/arm-none-eabi/12.3.1/../../../../arm-none-eabi/lib/thumb/v8-m.main+fp/hard\libc_nano.a(libc_a-printf.o)
 .debug_frame   0x000044a8       0x88 D:/STM32Cube/STM32CubeIDE_1.17.0/STM32CubeIDE/plugins/com.st.stm32cube.ide.mcu.externaltools.gnu-tools-for-stm32.12.3.rel1.win32_1.1.0.202410251130/tools/bin/../lib/gcc/arm-none-eabi/12.3.1/../../../../arm-none-eabi/lib/thumb/v8-m.main+fp/hard\libc_nano.a(libc_a-stdio.o)
 .debug_frame   0x00004530       0x20 D:/STM32Cube/STM32CubeIDE_1.17.0/STM32CubeIDE/plugins/com.st.stm32cube.ide.mcu.externaltools.gnu-tools-for-stm32.12.3.rel1.win32_1.1.0.202410251130/tools/bin/../lib/gcc/arm-none-eabi/12.3.1/../../../../arm-none-eabi/lib/thumb/v8-m.main+fp/hard\libc_nano.a(libc_a-memset.o)
 .debug_frame   0x00004550       0x2c D:/STM32Cube/STM32CubeIDE_1.17.0/STM32CubeIDE/plugins/com.st.stm32cube.ide.mcu.externaltools.gnu-tools-for-stm32.12.3.rel1.win32_1.1.0.202410251130/tools/bin/../lib/gcc/arm-none-eabi/12.3.1/../../../../arm-none-eabi/lib/thumb/v8-m.main+fp/hard\libc_nano.a(libc_a-closer.o)
 .debug_frame   0x0000457c       0x38 D:/STM32Cube/STM32CubeIDE_1.17.0/STM32CubeIDE/plugins/com.st.stm32cube.ide.mcu.externaltools.gnu-tools-for-stm32.12.3.rel1.win32_1.1.0.202410251130/tools/bin/../lib/gcc/arm-none-eabi/12.3.1/../../../../arm-none-eabi/lib/thumb/v8-m.main+fp/hard\libc_nano.a(libc_a-reent.o)
 .debug_frame   0x000045b4       0x2c D:/STM32Cube/STM32CubeIDE_1.17.0/STM32CubeIDE/plugins/com.st.stm32cube.ide.mcu.externaltools.gnu-tools-for-stm32.12.3.rel1.win32_1.1.0.202410251130/tools/bin/../lib/gcc/arm-none-eabi/12.3.1/../../../../arm-none-eabi/lib/thumb/v8-m.main+fp/hard\libc_nano.a(libc_a-lseekr.o)
 .debug_frame   0x000045e0       0x2c D:/STM32Cube/STM32CubeIDE_1.17.0/STM32CubeIDE/plugins/com.st.stm32cube.ide.mcu.externaltools.gnu-tools-for-stm32.12.3.rel1.win32_1.1.0.202410251130/tools/bin/../lib/gcc/arm-none-eabi/12.3.1/../../../../arm-none-eabi/lib/thumb/v8-m.main+fp/hard\libc_nano.a(libc_a-readr.o)
 .debug_frame   0x0000460c       0x2c D:/STM32Cube/STM32CubeIDE_1.17.0/STM32CubeIDE/plugins/com.st.stm32cube.ide.mcu.externaltools.gnu-tools-for-stm32.12.3.rel1.win32_1.1.0.202410251130/tools/bin/../lib/gcc/arm-none-eabi/12.3.1/../../../../arm-none-eabi/lib/thumb/v8-m.main+fp/hard\libc_nano.a(libc_a-writer.o)
 .debug_frame   0x00004638       0x20 D:/STM32Cube/STM32CubeIDE_1.17.0/STM32CubeIDE/plugins/com.st.stm32cube.ide.mcu.externaltools.gnu-tools-for-stm32.12.3.rel1.win32_1.1.0.202410251130/tools/bin/../lib/gcc/arm-none-eabi/12.3.1/../../../../arm-none-eabi/lib/thumb/v8-m.main+fp/hard\libc_nano.a(libc_a-errno.o)
 .debug_frame   0x00004658       0x2c D:/STM32Cube/STM32CubeIDE_1.17.0/STM32CubeIDE/plugins/com.st.stm32cube.ide.mcu.externaltools.gnu-tools-for-stm32.12.3.rel1.win32_1.1.0.202410251130/tools/bin/../lib/gcc/arm-none-eabi/12.3.1/../../../../arm-none-eabi/lib/thumb/v8-m.main+fp/hard\libc_nano.a(libc_a-init.o)
 .debug_frame   0x00004684       0xb0 D:/STM32Cube/STM32CubeIDE_1.17.0/STM32CubeIDE/plugins/com.st.stm32cube.ide.mcu.externaltools.gnu-tools-for-stm32.12.3.rel1.win32_1.1.0.202410251130/tools/bin/../lib/gcc/arm-none-eabi/12.3.1/../../../../arm-none-eabi/lib/thumb/v8-m.main+fp/hard\libc_nano.a(libc_a-lock.o)